  401398     1D93 Code                ABAPI_TEXT
  40312C     381F Code                ABERROR_TEXT
  40694C      24E Code                ABFILE_TEXT
  406B9C      28E Code                ABFUZZY_TEXT
  406E2C       99 Code                ABMIME_TEXT
  406EC8     27A2 Code                ABRESIZE_TEXT
  40966C      263 Code                ABTOOLBA_TEXT
  4098D0     2105 Code                ABUTIL_TEXT
  40B9D8     2411 Code                ABWINDOW_TEXT
  40DDEC      A81 Code                ABWSOCK_TEXT
  40E870        7 Code                CALLA_TEXT
  40E878     5DA6 Code                CLARIONTEST001_TEXT
  414620       46 Code                CLARIONTEST_BC0_TEXT
  414668       3C Code                CLARIONTEST_BC_TEXT
  4146A4      104 Code                CLARIONTEST_TEXT
  4147A8      147 Code                CWSYNCHC_TEXT
  4148F0      82C Code                DCL_CLARIONTEST_TESTRUNNER_TEXT
  41511C      487 Code                DCL_SYSTEM_RUNTIME_DIRECTORYWATC
  4155A4      F68 Code                DCL_SYSTEM_RUNTIME_DLL_TEXT
  41650C       23 Code                IEXE32_TEXT
  416530      7C2 Code                INIT_TEXT
  416CF4        D Code                INST00_TEXT
  416D04      DA5 Code                JPWBFISH_TEXT
  418000     1172 Initialized Data    $DEFAULTERRORS_DATA
  419174     1001 Initialized Data    $SB_INIT_DATA
  41A178      200 Initialized Data    ABAPI_CONST
  41A378      150 Initialized Data    ABAPI_DATA
  41A4C8        2 Initialized Data    ABBROWSE_CONST
  41A4CC        6 Initialized Data    ABDST_CONST
  41A4D4      24C Initialized Data    ABDST_DATA
  41A720       23 Initialized Data    ABEIP_CONST
  41A744       3C Initialized Data    ABEIP_DATA
  41A780      2A7 Initialized Data    ABERROR_CONST
  41AA28      A7C Initialized Data    ABERROR_DATA
  41B4A4        D Initialized Data    ABFILE_CONST
  41B4B4      147 Initialized Data    ABFILE_DATA
  41B5FC       B4 Initialized Data    ABFUZZY_DATA
  41B6B0       53 Initialized Data    ABMIME_DATA
  41B704        2 Initialized Data    ABPOPUP_CONST
  41B708       3D Initialized Data    ABRESIZE_CONST
  41B748      23F Initialized Data    ABRESIZE_DATA
  41B988        D Initialized Data    ABTOOLBA_CONST
  41B998       4C Initialized Data    ABTOOLBA_DATA
  41B9E4       D5 Initialized Data    ABUTIL_CONST
  41BABC      183 Initialized Data    ABUTIL_DATA
  41BC40        D Initialized Data    ABWINDOW_CONST
  41BC50       3F Initialized Data    ABWINDOW_DATA
  41BC90       87 Initialized Data    ABWSOCK_CONST
  41BD18      24C Initialized Data    ABWSOCK_DATA
  41BF64      1E8 Initialized Data    CLARIONTEST001_CONST
  41C14C      E44 Initialized Data    CLARIONTEST001_DATA
  41CF90       21 Initialized Data    CLARIONTEST_CONST
  41CFB4      106 Initialized Data    CLARIONTEST_DATA
  41D0BC       48 Initialized Data    CWSYNCHC_DATA
  41D104       AD Initialized Data    DCL_CLARIONTEST_TESTRUNNER_CONST
  41D1B4      167 Initialized Data    DCL_CLARIONTEST_TESTRUNNER_DATA
  41D31C      15B Initialized Data    DCL_SYSTEM_RUNTIME_DIRECTORYWATC
  41D478       78 Initialized Data    DCL_SYSTEM_RUNTIME_DLL_CONST
  41D4F0      AD0 Initialized Data    DCL_SYSTEM_RUNTIME_DLL_DATA
  41DFC0       44 Initialized Data    IEXE32_DATA
  41E004       44 Initialized Data    JPWBFISH_CONST
  41E048       49 Initialized Data    JPWBFISH_DATA
  41E094        0 Initialized Data    __CPPINI_CONS
  41E094      2D8 Initialized Data    __CPPINI_CONST
  41E36C        4 Initialized Data    __CPPINI_END
  41E370        0 Initialized Data    __INIVMT_CONS
  41E370       D8 Initialized Data    __INIVMT_CONST
  41E448        0 Initialized Data    __INIVMT_CONST_END
  41E450     1623 Un-initialized Data $FUZZYMATCHER_BSS
  41FA74      49E Un-initialized Data $SETUP_BSS
  41FF14        C Un-initialized Data ABAPI_BSS
  41FF20      1E8 Un-initialized Data ABDST_BSS
  420108       40 Un-initialized Data ABEIP_BSS
  420148      404 Un-initialized Data ABERROR_BSS
  42054C       10 Un-initialized Data ABFILE_BSS
  42055C        4 Un-initialized Data ABFUZZY_BSS
  420560        0 Un-initialized Data ABMIME_BSS
  420560      104 Un-initialized Data ABUTIL_BSS
  420664        C Un-initialized Data ABWSOCK_BSS
  420670     2710 Un-initialized Data CLARIONTEST001$MYTEXT_BSS
  422D80      4CC Un-initialized Data CLARIONTEST001_BSS
  42324C      158 Un-initialized Data CLARIONTEST_BSS
  4233A4      B0E Un-initialized Data DCL_SYSTEM_RUNTIME_DLL_BSS
  424000        8 __T_L_S__DAT
  424008      17C __T_L_S__DATA
  424184        0 __T_L_S__DATA_END
  424190        0 __T_L_S__BS
  424190     15E5 __T_L_S__BSS
  425778        0 __T_L_S__BSS_END

  401398 PROCESSNETWORKEVENT@F10CWINSOCK2017CSOCKETCONNECTIONl
  40160C PROCESSWAITERROR@F10CWINSOCK2017CSOCKETCONNECTION
  401660 PROCESSCLOSEEVENT@F10CWINSOCK20l11ICONNECTIONl
  401738 PROCESSCONNECTEVENT@F10CWINSOCK20l11ICONNECTIONl
  401810 PROCESSOOBEVENT@F10CWINSOCK20l11ICONNECTIONl
  4018A8 PROCESSACCEPTEVENT@F10CWINSOCK20l11ICONNECTIONl
  40195C PROCESSWRITEEVENT@F10CWINSOCK20l11ICONNECTIONl
  401A14 PROCESSREADEVENT@F10CWINSOCK20l11ICONNECTIONl
  401B58 ONENUMNETEVENTERROR@F10CWINSOCK20l11ICONNECTION
  401B8C ONWAITFAILEDPOSTTS@F10CWINSOCK2017CSOCKETCONNECTION
  401BB8 ONCLOSEEVENTPOSTTS@F10CWINSOCK20l11ICONNECTION
  401BEC ONCONNECTEVENTPOSTTS@F10CWINSOCK20l11ICONNECTION
  401C20 ONOOBEVENTPOSTTS@F10CWINSOCK20l11ICONNECTION
  401C54 ONACCEPTEVENTPOSTTS@F10CWINSOCK20l11ICONNECTION
  401C88 ONWRITEEVENTPOSTTS@F10CWINSOCK20l11ICONNECTION
  401CBC ONREADEVENTPOSTTS@F10CWINSOCK20l11ICONNECTION
  401CF0 ONWAITFAILEDTS@F10CWINSOCK2017CSOCKETCONNECTION
  401D1C ONCLOSEEVENTTS@F10CWINSOCK20l11ICONNECTIONl
  401DB0 ONCONNECTEVENTTS@F10CWINSOCK20l11ICONNECTIONl
  401DEC ONOOBEVENTTS@F10CWINSOCK20l11ICONNECTIONl
  401E28 ONACCEPTEVENTTS@F10CWINSOCK20l11ICONNECTIONll
  401E64 CLEANUPCONNECTIONQUEUE@F10CWINSOCK2015CONNECTIONQUEUE
  401EEC THROWERROR@F10CWINSOCK20Rsc
  401F40 PROCESSEVENT@F10CWINSOCK2017CSOCKETCONNECTIONll
  401FFC SENDDATA@F10CWINSOCK2011ICONNECTIONRsbRl
  40204C DISCONNECT@F10CWINSOCK2011ICONNECTION
  40209C SOCKETCONNECT@F10CWINSOCK20llRsc15CPROTOCOLSOCKETRl17CSOCKETCONNECTION
  402228 ISINITIALISED@F10CWINSOCK20
  402250 KILLSERVER@F10CWINSOCK20
  4022A0 KILL@F10CWINSOCK20
  40234C DESTRUCT@F10CWINSOCK20
  402378 CONSTRUCT@F10CWINSOCK20
  402398 CLOSESOCKET_@_ICONNECTION_@_CSOCKETCONNECTION@F11ICONNECTION
  4023C0 SHUTDOWN_@_ICONNECTION_@_CSOCKETCONNECTION@F11ICONNECTION
  4023E8 SENDDATA_@_ICONNECTION_@_CSOCKETCONNECTION@F11ICONNECTIONRsbRl
  402434 RECEIVEDATA_@_ICONNECTION_@_CSOCKETCONNECTION@F11ICONNECTIONllRl
  40247C SETSENDTIMEOUT_@_ICONNECTION_@_CSOCKETCONNECTION@F11ICONNECTIONl
  4024AC SETRECVTIMEOUT_@_ICONNECTION_@_CSOCKETCONNECTION@F11ICONNECTIONl
  4024DC GETSOCKET_@_ICONNECTION_@_CSOCKETCONNECTION@F11ICONNECTION
  402500 ISSERVERSOCKET_@_ICONNECTION_@_CSOCKETCONNECTION@F11ICONNECTION
  402528 GETTHREADID_@_ICONNECTION_@_CSOCKETCONNECTION@F11ICONNECTION
  40254C STARTSOCKETTHREAD@F17CSOCKETCONNECTIONRl
  4025B8 ONCLOSESOCKET@F17CSOCKETCONNECTIONl15CPROTOCOLSOCKET
  402608 RECEIVEDATA@F17CSOCKETCONNECTIONllRl
  402688 SENDDATA@F17CSOCKETCONNECTIONRsbRl
  40273C SETRECVTIMEOUT@F17CSOCKETCONNECTIONl
  40278C SETSENDTIMEOUT@F17CSOCKETCONNECTIONl
  4027DC SHUTDOWN@F17CSOCKETCONNECTION
  402830 CLOSESOCKET@F17CSOCKETCONNECTION
  4028FC GETSOCKET@F17CSOCKETCONNECTION
  402920 CONNECT@F17CSOCKETCONNECTION
  402B74 ISSERVERSOCKET@F17CSOCKETCONNECTION
  402B98 ISCONNECTED@F17CSOCKETCONNECTION
  402BBC ISINITIALISED@F17CSOCKETCONNECTION
  402BE0 KILL@F17CSOCKETCONNECTION
  402CDC INIT@F17CSOCKETCONNECTIONl10CWINSOCK2015CPROTOCOLSOCKETUc
  402F04 DESTRUCT@F17CSOCKETCONNECTION
  402F44 CONSTRUCT@F17CSOCKETCONNECTION
  402F74 GETREMOTEADDRLEN@F15CPROTOCOLSOCKET
  402F98 GETREMOTEADDR@F15CPROTOCOLSOCKET
  402FBC GETSOCKET@F15CPROTOCOLSOCKET
  402FE4 DESTRUCT@F15CPROTOCOLSOCKET
  403004 ASSIGNADDR@Fl
  403024 EVENTTHREAD
  403264 KILL_@_WINDOWCOMPONENT_@_HISTHANDLERCLASS@F15WINDOWCOMPONENT
  403284 RESET_@_WINDOWCOMPONENT_@_HISTHANDLERCLASS@F15WINDOWCOMPONENTUc
  4032AC RESETREQUIRED_@_WINDOWCOMPONENT_@_HISTHANDLERCLASS@F15WINDOWCOMPONENT
  4032CC SETALERTS_@_WINDOWCOMPONENT_@_HISTHANDLERCLASS@F15WINDOWCOMPONENT
  4032EC TAKEEVENT_@_WINDOWCOMPONENT_@_HISTHANDLERCLASS@F15WINDOWCOMPONENT
  403318 UPDATE_@_WINDOWCOMPONENT_@_HISTHANDLERCLASS@F15WINDOWCOMPONENT
  403338 UPDATEWINDOW_@_WINDOWCOMPONENT_@_HISTHANDLERCLASS@F15WINDOWCOMPONENT
  403368 VLBPROC@F16HISTHANDLERCLASSls
  403474 TAKEEVENT@F16HISTHANDLERCLASS
  403564 INIT@F16HISTHANDLERCLASSBw10ERRORCLASS16ERRORHISTORYLIST
  4035AC _VLBPROC@F16HISTHANDLERCLASSls
  4035F8 TAKEACCEPTED@F11MSGBOXCLASS
  403658 SETUPADDITIONALFEQS@F11MSGBOXCLASS
  403700 KILL@F11MSGBOXCLASS
  403768 INIT@F11MSGBOXCLASS
  403A78 INIT@F11MSGBOXCLASSBw10ERRORCLASSOsbllll
  403B48 FETCHSTDBUTTON@F11MSGBOXCLASSs
  403BC0 GETALLSTATUSVARIABLES@F10ERRORCLASS16ERRORSTATUSGROUP
  403C48 GETERRORBUFFERFATALITY@F10ERRORCLASS
  403CC4 GETERRORBUFFERTITLE@F10ERRORCLASS
  403D48 GETERRORBUFFERID@F10ERRORCLASS
  403DB8 SETMESSAGETEXT@F10ERRORCLASSsb
  403E4C STOREERRORENTRY@F10ERRORCLASSUs
  403FEC GETHISTORYRESETONVIEW@F10ERRORCLASS
  404050 SETHISTORYRESETONVIEW@F10ERRORCLASSUc
  4040BC GETHISTORYVIEWLEVEL@F10ERRORCLASS
  404120 SETHISTORYVIEWLEVEL@F10ERRORCLASSl
  40418C GETHISTORYTHRESHOLD@F10ERRORCLASS
  4041F0 SETHISTORYTHRESHOLD@F10ERRORCLASSl
  40425C GETLOGERRORS@F10ERRORCLASS
  4042C0 GETSILENT@F10ERRORCLASS
  404324 SETDEFAULTCATEGORY@F10ERRORCLASSsa
  404390 GETDEFAULTCATEGORY@F10ERRORCLASS
  4043F4 VIEWHISTORY@F10ERRORCLASS
  404468 THROWMESSAGE@F10ERRORCLASSssb
  4044CC THROW@F10ERRORCLASSs
  404508 TAKEUSER@F10ERRORCLASS
  404588 TAKEPROGRAM@F10ERRORCLASS
  4045B4 TAKEOTHER@F10ERRORCLASS
  4045E0 TAKENOTIFY@F10ERRORCLASS
  404650 TAKEFATAL@F10ERRORCLASS
  4046F0 TAKEERROR@F10ERRORCLASSs
  4048F8 TAKEBENIGN@F10ERRORCLASS
  404918 SUBSSTRING@F10ERRORCLASS
  404D40 SETPROCEDURENAME@F10ERRORCLASSOsb
  404E38 GETERRORENTRY@F10ERRORCLASSUs15ERRORENTRYGROUPl
  404EF8 GETERRORENTRY@F10ERRORCLASSUs15ERRORENTRYGROUP
  404F70 SETID@F10ERRORCLASSUsl
  405004 SETID@F10ERRORCLASSUs
  405078 SETERRORS@F10ERRORCLASS
  405150 SETERRORLOG@F10ERRORCLASS17ERRORLOGINTERFACE
  405248 SETCATEGORY@F10ERRORCLASSssa
  4052F4 RESETHISTORY@F10ERRORCLASS
  405370 REMOVEERROR@F10ERRORCLASSUs
  405428 MESSAGEBOX@F10ERRORCLASSUcsbOsbOsblll
  4054CC MSG@F10ERRORCLASSsbOsbOsblll
  4058B8 MESSAGE@F10ERRORCLASSsll
  405960 KILL@F10ERRORCLASS
  405A40 INIT@F10ERRORCLASS16ERRORSTATUSCLASS
  405ABC INIT@F10ERRORCLASS
  405BEC HISTORYMSG@F10ERRORCLASSsblll
  405DC0 GETPROCEDURENAME@F10ERRORCLASS
  405F14 GETCATEGORY@F10ERRORCLASSs
  405FE0 ADDHISTORY@F10ERRORCLASS
  40608C ADDERRORS@F10ERRORCLASS10ERRORBLOCK
  4062F4 ADDERROR@F10ERRORCLASSUsRsbRsbUcsa
  40642C DESTRUCT@F10ERRORCLASS
  406468 CONSTRUCT@F10ERRORCLASS
  4064A0 DESTRUCT@F16ERRORSTATUSCLASS
  4064F8 CONSTRUCT@F16ERRORSTATUSCLASS
  406680 CLOSE_@_ERRORLOGINTERFACE_@_STANDARDERRORLOGCLASS@F17ERRORLOGINTERFACEUc
  4066B0 OPEN_@_ERRORLOGINTERFACE_@_STANDARDERRORLOGCLASS@F17ERRORLOGINTERFACEUc
  4066E0 TAKE_@_ERRORLOGINTERFACE_@_STANDARDERRORLOGCLASS@F17ERRORLOGINTERFACEsb
  406798 CLOSE@F21STANDARDERRORLOGCLASSUc
  406834 OPEN@F21STANDARDERRORLOGCLASSUc
  4068F8 DESTRUCT@F21STANDARDERRORLOGCLASS
  406924 CONSTRUCT@F21STANDARDERRORLOGCLASS
  40694C DESTRUCT@F12FILESMANAGER
  4069B8 CONSTRUCT@F12FILESMANAGER
  406A40 TRYREGET@F11FILEMANAGERsb
  406B00 POSITION@F11FILEMANAGER
  406B9C SETOPTION@F10FUZZYCLASSUcUc
  406C34 KILL@F10FUZZYCLASS
  406C54 INIT@F10FUZZYCLASS
  406C8C CONSTRUCT@F10FUZZYCLASS
  406E2C PLAINFILE$$$PatchFCB
  406E60 QPFILE$$$PatchFCB
  406E94 BASE64FILE$$$PatchFCB
  407100 SETPRIORITIES@F17WINDOWRESIZECLASS13POSITIONGROUP
  407170 SETSIZE@F17WINDOWRESIZECLASSl13POSITIONGROUP
  407260 GETSIZEINFO@F17WINDOWRESIZECLASSl13POSITIONGROUP
  40739C RESTORECONTROLS@F17WINDOWRESIZECLASS
  40742C TAKERESIZE@F17WINDOWRESIZECLASS
  4074DC SETSTRATEGY@F17WINDOWRESIZECLASSlUsUs
  4076FC SETPOSITION@F17WINDOWRESIZECLASSl13POSITIONGROUP13POSITIONGROUP13POSITIONGROUP13POSITIONGROUP
  407E20 SETPARENTDEFAULT@F17WINDOWRESIZECLASS
  408164 SETPARENTDEFAULTS@F17WINDOWRESIZECLASS
  4081F0 SETPARENTCONTROL@F17WINDOWRESIZECLASSll
  408308 RESTOREWINDOW@F17WINDOWRESIZECLASS
  4083DC RESIZECHILDREN@F17WINDOWRESIZECLASSl13POSITIONGROUP13POSITIONGROUP
  408604 RESIZE@F17WINDOWRESIZECLASSl
  408954 RESIZE@F17WINDOWRESIZECLASS
  408988 RESET@F17WINDOWRESIZECLASS
  408D00 REMOVECONTROL@F17WINDOWRESIZECLASSl
  408E08 KILL@F17WINDOWRESIZECLASS
  408EC0 INIT@F17WINDOWRESIZECLASSUcUcUc
  409104 GETCURRENTPOS@F17WINDOWRESIZECLASSl13POSITIONGROUP
  409174 GETORIGPOS@F17WINDOWRESIZECLASSl13POSITIONGROUP
  4091F0 GETRESIZESTRATEGY@F17WINDOWRESIZECLASSsOUc
  409400 GETPOSITIONSTRATEGY@F17WINDOWRESIZECLASSsOUc
  409600 GETPARENTCONTROL@F17WINDOWRESIZECLASSl
  40966C TAKEEVENT@F12TOOLBARCLASSPl13WINDOWMANAGER
  4096E8 SETTARGET@F12TOOLBARCLASSl
  4097FC KILL@F12TOOLBARCLASS
  409830 INIT@F12TOOLBARCLASS
  409870 DISPLAYBUTTONS@F12TOOLBARCLASS
  4098D0 SETMASK@F15SELECTFILECLASSsbsb
  4099C4 SETMASK@F15SELECTFILECLASSsb
  409A2C ASK@F15SELECTFILECLASSUc
  409BD4 ADDMASK@F15SELECTFILECLASSsb
  409CA4 INIT@F15SELECTFILECLASS
  409CF0 UPDATEQUEUE@F8INICLASSsbsbBqRuPuPuPu
  409F2C UPDATE@F8INICLASSsbsbsb
  409FFC UPDATE@F8INICLASSsbBw
  40A1E0 UPDATE@F8INICLASS
  40A200 TRYFETCH@F8INICLASSsbsb
  40A288 REMOVE@F8INICLASSsbsb
  40A428 KILL@F8INICLASS
  40A57C INIT@F8INICLASSsbll
  40A6C8 FETCHQUEUE@F8INICLASSsbsbBqRuPuPuPu
  40A944 FETCHFIELD@F8INICLASSsbsbUc
  40AAE0 FETCH@F8INICLASSsbsbRu
  40ABB8 FETCH@F8INICLASSsbBw
  40AE20 FETCH@F8INICLASSsbsb
  40AFB8 FETCH@F8INICLASS
  40AFD8 UPDATEWINDOWINFO@F8INICLASSsb10WINDOWINFO
  40B26C FETCHWINDOWINFO@F8INICLASSsb10WINDOWINFO
  40B500 UPDATE@F8INICLASSsbsbsbsb
  40B714 FETCH@F8INICLASSsbsbsbsb
  40B968 DESTRUCT@F8INICLASS
  40B9A4 CONSTRUCT@F8INICLASS
  40B9D8 SAVEONINSERTACTION@F13WINDOWMANAGER
  40BAC4 SAVEONCHANGEACTION@F13WINDOWMANAGER
  40BC2C DELETEACTION@F13WINDOWMANAGER
  40BE38 CHANGEACTION@F13WINDOWMANAGER
  40C260 INSERTACTION@F13WINDOWMANAGER
  40C4D0 TAKEDISABLEBUTTON@F13WINDOWMANAGERlUc
  40C528 UPDATE@F13WINDOWMANAGER
  40C594 TAKEWINDOWEVENT@F13WINDOWMANAGER
  40C708 TAKESELECTED@F13WINDOWMANAGER
  40C728 TAKEREJECTED@F13WINDOWMANAGER
  40C780 TAKENOTIFY@F13WINDOWMANAGERlll
  40C7B8 TAKENEWSELECTION@F13WINDOWMANAGER
  40C850 TAKEFIELDEVENT@F13WINDOWMANAGER
  40C870 TAKEEVENT@F13WINDOWMANAGER
  40CA5C TAKECLOSEEVENT@F13WINDOWMANAGER
  40CC64 TAKECOMPLETED@F13WINDOWMANAGER
  40CD98 TAKEACCEPTED@F13WINDOWMANAGER
  40CEE0 SETRESPONSE@F13WINDOWMANAGERUc
  40CF50 SETALERTS@F13WINDOWMANAGER
  40D038 SAVEHISTORY@F13WINDOWMANAGER
  40D114 RUN@F13WINDOWMANAGERUsUc
  40D148 RUN@F13WINDOWMANAGER
  40D1A8 RESTOREFIELD@F13WINDOWMANAGERl
  40D3C8 RESETBUFFERS@F13WINDOWMANAGERUc
  40D448 RESET@F13WINDOWMANAGERUc
  40D510 PRIMEUPDATE@F13WINDOWMANAGER
  40D6D0 PRIMEFIELDS@F13WINDOWMANAGER
  40D6F0 POSTCOMPLETED@F13WINDOWMANAGER
  40D7B4 OPEN@F13WINDOWMANAGERBwBw
  40D828 OPEN@F13WINDOWMANAGER
  40D888 KILL@F13WINDOWMANAGER
  40DA54 INIT@F13WINDOWMANAGER
  40DB0C ASK@F13WINDOWMANAGER
  40DB8C ADDITEM@F13WINDOWMANAGER17WINDOWRESIZECLASS
  40DBC0 ADDITEM@F13WINDOWMANAGER15WINDOWCOMPONENT
  40DC40 ADDITEM@F13WINDOWMANAGER12TOOLBARCLASS
  40DC7C ADDITEM@F13WINDOWMANAGERlUc
  40DCEC DISABLECANCELCONTROLS@F13WINDOWMANAGER
  40DD6C ENABLECANCELCONTROLS@F13WINDOWMANAGER
  40DDEC CONNECT_@_ITRANSPORT_@_WINSOCK@F10ITRANSPORTllRsc15CPROTOCOLSOCKETRl
  40DE48 DISCONNECT_@_ITRANSPORT_@_WINSOCK@F10ITRANSPORT11ICONNECTION
  40DE80 SENDDATA_@_ITRANSPORT_@_WINSOCK@F10ITRANSPORT11ICONNECTIONRsbRl
  40DED4 GETNEXTRESPONSE_@_ITRANSPORT_@_WINSOCK@F10ITRANSPORT11ICONNECTIONRsb
  40DF24 GETNEXTRESPONSESIZE_@_ITRANSPORT_@_WINSOCK@F10ITRANSPORT11ICONNECTION
  40DF5C ISDATAREADY_@_ITRANSPORT_@_WINSOCK@F10ITRANSPORT
  40DF88 GETNEXTSERVERRESPONSE_@_ITRANSPORT_@_WINSOCK@F10ITRANSPORTRsb
  40DFCC GETNEXTSERVERRESPONSESIZE_@_ITRANSPORT_@_WINSOCK@F10ITRANSPORT
  40DFFC ISSERVERDATAREADY_@_ITRANSPORT_@_WINSOCK@F10ITRANSPORT
  40E028 LISTEN_@_ITRANSPORT_@_WINSOCK@F10ITRANSPORT
  40E048 ONSOCKETCLOSED@F7WINSOCKl11ICONNECTION
  40E078 ONWRITEEVENTTS@F7WINSOCKl11ICONNECTIONl
  40E0B4 ONREADEVENTTS@F7WINSOCKllRsblUc
  40E2AC ONENUMPROTOCOL@F7WINSOCKRsc
  40E2DC GETNEXTSERVERRESPONSESIZE@F7WINSOCK
  40E340 GETNEXTSERVERRESPONSE@F7WINSOCKRsb
  40E450 ISSERVERDATAREADY@F7WINSOCK
  40E478 GETNEXTRESPONSESIZE@F7WINSOCK11ICONNECTION
  40E500 GETNEXTRESPONSE@F7WINSOCK11ICONNECTIONRsb
  40E630 ISDATAREADY@F7WINSOCK
  40E658 CONNECT@F7WINSOCKllRsc15CPROTOCOLSOCKETRl
  40E6D8 DISPOSEDATAQUEUE@F7WINSOCK17DATARESPONSEQUEUE
  40E768 KILL@F7WINSOCK
  40E814 DESTRUCT@F7WINSOCK
  40E848 CONSTRUCT@F7WINSOCK
  40E870 CallA
  40E872 FIXSTACK
  40EA4C ABOUT@F
  40F474 SETTINGSFORM@F
  414088 RUNTESTS@F
  414620 CLARIONTEST_BC0$CLARIONTEST_BC0:FILESINIT@F
  414638 CLARIONTEST_BC0$CLARIONTEST_BC0:DCTKILL@F
  414650 CLARIONTEST_BC0$CLARIONTEST_BC0:DCTINIT@F
  414668 DCTKILL@F
  414684 DCTINIT@F
  4146A4 _main
  414758 DESTRUCT@F10DICTIONARY
  41477C CONSTRUCT@F10DICTIONARY
  4147A8 DESTRUCT@F15CRITICALSECTION
  4147DC CONSTRUCT@F15CRITICALSECTION
  41480C KILL@F17CRITICALPROCEDURE
  414854 INIT@F17CRITICALPROCEDURE11ISYNCOBJECT
  4148A0 DESTRUCT@F17CRITICALPROCEDURE
  4148C8 CONSTRUCT@F17CRITICALPROCEDURE
  4148F0 RUNTEST@F26DCL_CLARIONTEST_TESTRUNNERl
  414A88 KILL@F26DCL_CLARIONTEST_TESTRUNNER
  414AD8 INIT@F26DCL_CLARIONTEST_TESTRUNNERsb
  414B68 GETTESTPROCEDURES@F26DCL_CLARIONTEST_TESTRUNNER31DCL_CLARIONTEST_PROCEDURESQUEUE
  41502C GETFAILEDTEST@F26DCL_CLARIONTEST_TESTRUNNERsb
  4150AC DESTRUCT@F26DCL_CLARIONTEST_TESTRUNNER
  4150EC CONSTRUCT@F26DCL_CLARIONTEST_TESTRUNNER
  41511C WAITPROC@Fsb
  415254 KILL@F35DCL_SYSTEM_RUNTIME_DIRECTORYWATCHER
  4152E4 INIT@F35DCL_SYSTEM_RUNTIME_DIRECTORYWATCHERsbllllll
  41546C DESTRUCT@F35DCL_SYSTEM_RUNTIME_DIRECTORYWATCHER
  415494 DEBUGSTRING@F35DCL_SYSTEM_RUNTIME_DIRECTORYWATCHERsb
  4155A4 DUMPNEEXPORTS@F22DCL_SYSTEM_RUNTIME_DLL
  4155C4 DUMPPEEXPORTTABLE@F22DCL_SYSTEM_RUNTIME_DLLUlUl
  41592C GETEXPORTEDPROCEDURES@F22DCL_SYSTEM_RUNTIME_DLLsbBq
  415E00 TAKEERROR@F22DCL_SYSTEM_RUNTIME_DLLsb
  415EA4 CALL@F22DCL_SYSTEM_RUNTIME_DLLsbOlOlOlOlOlOlOlOlOlOl
  416130 GETADDRESS@F22DCL_SYSTEM_RUNTIME_DLLsb
  4162A4 KILL@F22DCL_SYSTEM_RUNTIME_DLL
  416318 ISINITIALIZED@F22DCL_SYSTEM_RUNTIME_DLL
  41633C INIT@F22DCL_SYSTEM_RUNTIME_DLLsbUc
  416450 DESTRUCT@F22DCL_SYSTEM_RUNTIME_DLL
  4164B0 CONSTRUCT@F22DCL_SYSTEM_RUNTIME_DLL
  416CF4 __thr_inst0
  416D04 CLIP@F11JPWBLOWFISHRsb
  416DA8 DECODEHEX@F11JPWBLOWFISH
  416F8C ENCODEHEX@F11JPWBLOWFISH
  4170C4 DECODE@F11JPWBLOWFISH
  41718C ENCODE@F11JPWBLOWFISH
  417250 CONSTRUCT@F11JPWBLOWFISH
  4172D4 BF_DECRYPT@F8BLOWFISHll
  4173B4 BF_ENCRYPT@F8BLOWFISHll
  417494 INITIALISE@F8BLOWFISHll
  41767C F@F8BLOWFISHUlUc
  4177E4 _RESET@F8BLOWFISH
  4178CC DECRYPT@F8BLOWFISHll
  417960 _ENCRYPT@F8BLOWFISHll
  4179F4 SET_PWD@F8BLOWFISHll
  417A6C DESTRUCT@F8BLOWFISH
  417A8C CONSTRUCT@F8BLOWFISH
  418000 $DEFAULTERRORS
  419174 $SB_INIT
  41A378 TYPE$CSOCKETCONNECTION
  41A48C VMT$CSOCKETCONNECTION
  41A4D4 TYPE$TELNETWINSOCK
  41A69C VMT$TELNETWINSOCK
  41A744 TYPE$COLORMAP
  41A770 TCB$COLORMAP
  41AA28 STDERRORFILE$TYPE$RECORD
  41AA40 $STDERRORFILE
  41AA8C TYPE$PNQ
  41AAAC TYPE$DEFAULTERRORS
  41AD0C TYPE$HISTHANDLERCLASS
  41AD54 VMT$HISTHANDLERCLASS
  41AD84 TYPE$MSGBOXCLASS
  41AFFC VMT$MSGBOXCLASS
  41B084 TYPE$ERRORCLASS
  41B308 VMT$ERRORCLASS
  41B354 TYPE$STANDARDERRORLOGCLASS
  41B38C VMT$STANDARDERRORLOGCLASS
  41B3A4 TYPE$ERRORSTATUSCLASS
  41B498 VMT$ERRORSTATUSCLASS
  41B4B4 TYPE$UNTHREADEDFILEOPENERMAP
  41B4D8 TCB$UNTHREADEDFILEOPENERMAP
  41B4E8 TYPE$FILESMANAGER
  41B52C VMT$FILESMANAGER
  41B538 TYPE$FILEMAPPING_T
  41B564 TYPE$FILEMAPPING_R
  41B594 TYPE$STATUSQ_T
  41B5FC TYPE$FUZZYCLASS
  41B6A4 VMT$FUZZYCLASS
  41B6B0 PLAINFILE$TYPE$RECORD
  41B6CC QPFILE$TYPE$RECORD
  41B6E8 BASE64FILE$TYPE$RECORD
  41B748 TYPE$WINDOWRESIZECLASS
  41B998 TYPE$TOOLBARTARGETQUEUE
  41B9B4 TYPE$TOOLBARCLASS
  41B9CC VMT$TOOLBARCLASS
  41BAD4 TYPE$SELECTFILECLASS
  41BB60 VMT$SELECTFILECLASS
  41BB6C TYPE$INICLASS
  41BBB4 VMT$INICLASS
  41BC50 TYPE$BUTTONLIST
  41BC74 TYPE$COMPONENTLIST
  41BD18 TYPE$WINSOCK
  41BEE0 VMT$WINSOCK
  41C14C CLARIONTEST001$TYPE$MYCONFIGQUEUE
  41C20C CLARIONTEST001$TCB$MYCONFIGQUEUE
  41C21C CLARIONTEST001$MYKEY
  41CFB4 TYPE$DICTIONARY
  41CFC4 VMT$DICTIONARY
  41CFD0 TYPE$SETUP
  41D0BC TYPE$CRITICALSECTION
  41D0D4 VMT$CRITICALSECTION
  41D0E0 TYPE$CRITICALPROCEDURE
  41D0F8 VMT$CRITICALPROCEDURE
  41D1B4 TYPE$DCL_CLARIONTEST_TESTRUNNER
  41D1E8 VMT$DCL_CLARIONTEST_TESTRUNNER
  41D38C TYPE$DCL_SYSTEM_RUNTIME_DIRECTORYWATCHER
  41D430 VMT$DCL_SYSTEM_RUNTIME_DIRECTORYWATCHER
  41D4F0 EXEFILE$TYPE$EXE:RECORD
  41DD04 $EXEFILE
  41DD50 TXTFILE$TYPE$TXT:RECORD
  41DD6C $TXTFILE
  41DDB8 LIBFILE$TYPE$LIB:RECORD
  41DE50 $LIBFILE
  41DE9C TYPE$ADDRESSQTYPE
  41DEC4 TYPE$DCL_SYSTEM_RUNTIME_DLL
  41DF54 VMT$DCL_SYSTEM_RUNTIME_DLL
  41E048 $P_INIT
  41E370 VMTP$DICTIONARY
  41E3B0 VMTP$FILESMANAGER
  41E3B8 VMTP$SELECTFILECLASS
  41E3C0 VMTP$INICLASS
  41E3C8 VMTP$TOOLBARCLASS
  41E3D0 VMTP$HISTHANDLERCLASS
  41E3D8 VMTP$MSGBOXCLASS
  41E3E0 VMTP$ERRORCLASS
  41E3E8 VMTP$STANDARDERRORLOGCLASS
  41E3F0 VMTP$ERRORSTATUSCLASS
  41E3F8 VMTP$CSOCKETCONNECTION
  41E400 VMTP$WINSOCK
  41E408 VMTP$TELNETWINSOCK
  41E410 VMTP$FUZZYCLASS
  41E418 VMTP$DCL_SYSTEM_RUNTIME_DLL
  41E420 VMTP$DCL_CLARIONTEST_TESTRUNNER
  41E430 VMTP$DCL_SYSTEM_RUNTIME_DIRECTORYWATCHER
  41E438 VMTP$CRITICALSECTION
  41E440 VMTP$CRITICALPROCEDURE
  41E450 $FUZZYMATCHER
  41FA74 $SETUP
  41FF2C $TELNETWINSOCK
  420108 $COLORMAP
  420140 $MULTIWINDOW
  420144 $TXTWINDOW
  420148 $WINDOW
  42014C STDERRORFILE$RECORD
  42054C $UNTHREADEDFILEOPENERMAP
  420554 $CREATEOPENERCRIT
  420560 MEMOS$BASE64FILE
  420670 CLARIONTEST001$MYTEXT
  422D80 CLARIONTEST001$MYCONFIGQUEUE
  423244 CLARIONTEST001$X
  423248 CLARIONTEST001$RECS
  42324C $HTTP_VERSION
  423250 $WININET_POST
  423254 $WININET_GET
  423258 $GLOBALERRORS
  42328C $INIMGR
  4233A4 $FILENAMEVARIABLE
  4235AC EXEFILE$EXE:RECORD
  4239AC TXTFILE$TXT:RECORD
  423AAC LIBFILE$LIB:RECORD
  423EAC MEMOS$LIBFILE
  4240A0 $PLAINFILE
  4240EC $QPFILE
  424138 $BASE64FILE
  424190 $GLOBALERRORSTATUS
  4248B0 $GLOBALREQUEST
  4248B4 $GLOBALRESPONSE
  4248B8 $VCRREQUEST
  4248BC $DICTIONARY
  4248C0 $FILESMANAGER
  4248D8 $SZDBTEXTLOG
  4251CC $SZPLAINFILE
  4252D4 PLAINFILE$RECORD
  425400 $SZQPFN
  425508 QPFILE$RECORD
  425634 $SZBASE64FN
  42573C BASE64FILE$RECORD
  426000 __import_section_start
  4278A4 __import_section_end

Imports
ClaASC.dll:ASCII 426094
ClaDOS.dll:DOS 4260A4
ClaRUN.dll:AttachThreadToClarion 426348,401000
ClaRUN.dll:Cla$ACCEPTED 42634C,401008
ClaRUN.dll:Cla$ADDqueue 426350
ClaRUN.dll:Cla$ADDqueuekey 426354,401010
ClaRUN.dll:Cla$AssertFailed 426358
ClaRUN.dll:Cla$AssertFailedM 42635C
ClaRUN.dll:Cla$AssignRefUfo 426360
ClaRUN.dll:Cla$BEEP 426364,401018
ClaRUN.dll:Cla$CLEAR 426368
ClaRUN.dll:Cla$CLEARqueue 42636C
ClaRUN.dll:Cla$clearstr 426370
ClaRUN.dll:Cla$CLOCK 426374,401020
ClaRUN.dll:Cla$CLOSEwindow 426378,401028
ClaRUN.dll:Cla$code 42637C
ClaRUN.dll:Cla$COMMAND 426380,401030
ClaRUN.dll:Cla$comparestr 426384
ClaRUN.dll:Cla$CREATE 426388
ClaRUN.dll:Cla$DecAdd 42638C
ClaRUN.dll:Cla$DecCompareN 426390
ClaRUN.dll:Cla$DecDistinct 426394
ClaRUN.dll:Cla$DecDistinctR 426398
ClaRUN.dll:Cla$DecDivide 42639C
ClaRUN.dll:Cla$DecMul 4263A0
ClaRUN.dll:Cla$DecSub 4263A4
ClaRUN.dll:Cla$DecSubR 4263A8
ClaRUN.dll:Cla$DeepAssign 4263AC
ClaRUN.dll:Cla$DELETEqueue 4263B0,401038
ClaRUN.dll:Cla$DELETEREG 4263B4,401040
ClaRUN.dll:Cla$DISABLE 4263B8,401048
ClaRUN.dll:Cla$DISPLAY 4263BC,401050
ClaRUN.dll:Cla$DISPOSEqueue 4263C0
ClaRUN.dll:Cla$DISPOSEref 4263C4
ClaRUN.dll:Cla$DISPOSEvref 4263C8
ClaRUN.dll:Cla$Dlongpower 4263CC
ClaRUN.dll:Cla$DPopDec 4263D0
ClaRUN.dll:Cla$DPopLong 4263D4
ClaRUN.dll:Cla$DPopReal 4263D8
ClaRUN.dll:Cla$DPopUlong 4263DC
ClaRUN.dll:Cla$DPushDec 4263E0
ClaRUN.dll:Cla$DPushLong 4263E4
ClaRUN.dll:Cla$DPushULong 4263E8
ClaRUN.dll:Cla$duplicate 4263EC
ClaRUN.dll:Cla$ENABLE 4263F0,401058
ClaRUN.dll:Cla$EndEventLoop 4263F4
ClaRUN.dll:Cla$ERRORCODE 4263F8,401060
ClaRUN.dll:Cla$EVENT 4263FC,401068
ClaRUN.dll:Cla$FIELD 426400,401070
ClaRUN.dll:Cla$FILEDIALOG 426404,401078
ClaRUN.dll:Cla$FILEERRORCODE 426408,401080
ClaRUN.dll:Cla$FILEERRORMSG 42640C,401088
ClaRUN.dll:Cla$FileExists 426410,401090
ClaRUN.dll:Cla$FILE_ADDf 426414
ClaRUN.dll:Cla$FILE_CLOSE 426418,401098
ClaRUN.dll:Cla$FILE_CREATE 42641C
ClaRUN.dll:CLA$FILE_DESTROY 426420
ClaRUN.dll:Cla$FILE_GETflu 426424
ClaRUN.dll:Cla$FILE_NAME 426428,4010A0
ClaRUN.dll:Cla$FILE_OPEN 42642C,4010A8
ClaRUN.dll:Cla$FILE_POSITIONf 426430,4010B0
ClaRUN.dll:Cla$FILE_POSITIONk 426434,4010B8
ClaRUN.dll:Cla$FILE_REGETf 426438,4010C0
ClaRUN.dll:Cla$FILE_REGETk 42643C,4010C8
ClaRUN.dll:Cla$FOCUS 426440,4010D0
ClaRUN.dll:Cla$FREEqueue 426444
ClaRUN.dll:Cla$FREEqueuea 426448,4010D8
ClaRUN.dll:Cla$freestr 42644C
ClaRUN.dll:Cla$FreeUfo 426450
ClaRUN.dll:Cla$freewindow 426454
ClaRUN.dll:Cla$GETINI 426458,4010E0
ClaRUN.dll:Cla$GETPOSITION 42645C,4010E8
ClaRUN.dll:Cla$GetPropS 426460
ClaRUN.dll:Cla$GETqueuekey 426464,4010F0
ClaRUN.dll:Cla$GETqueueptr 426468
ClaRUN.dll:Cla$GETREG 42646C,4010F8
ClaRUN.dll:Cla$Group2Ufo 426470
ClaRUN.dll:Cla$HALT 426474,401100
ClaRUN.dll:Cla$init 426478
ClaRUN.dll:Cla$INSTANCE 42647C,401108
ClaRUN.dll:Cla$KEYCODE 426480,401110
ClaRUN.dll:Cla$LASTFIELD 426484,401118
ClaRUN.dll:Cla$LFNDIRECTORY 426488,401120
ClaRUN.dll:Cla$LONGPATH 42648C,401128
ClaRUN.dll:Cla$longtostr 426490
ClaRUN.dll:Cla$MakeAString 426494
ClaRUN.dll:Cla$Mem2Ufo 426498
ClaRUN.dll:Cla$MessageBox 42649C,401130
ClaRUN.dll:Cla$NewMemB 4264A0
ClaRUN.dll:Cla$NewMemT 4264A4
ClaRUN.dll:Cla$NewMemZ 4264A8
ClaRUN.dll:Cla$NEWqueue 4264AC
ClaRUN.dll:Cla$NOTIFICATION 4264B0,401138
ClaRUN.dll:Cla$NOTIFY 4264B4,401140
ClaRUN.dll:Cla$OPENowned 4264B8,401148
ClaRUN.dll:Cla$OPENwindow 4264BC,401150
ClaRUN.dll:Cla$POINTERqueue 4264C0,401158
ClaRUN.dll:Cla$POKE 4264C4
ClaRUN.dll:Cla$PopAString 4264C8
ClaRUN.dll:Cla$PopBind 4264CC,401160
ClaRUN.dll:Cla$PopCString 4264D0
ClaRUN.dll:Cla$PopString 4264D4
ClaRUN.dll:Cla$PopTemp 4264D8
ClaRUN.dll:Cla$POST 4264DC,401168
ClaRUN.dll:Cla$PushAString 4264E0
ClaRUN.dll:Cla$PushBind 4264E4,401170
ClaRUN.dll:Cla$PushCString 4264E8
ClaRUN.dll:Cla$PushLong 4264EC
ClaRUN.dll:Cla$PushPictLong 4264F0
ClaRUN.dll:Cla$PushString 4264F4
ClaRUN.dll:Cla$PushUfo 4264F8
ClaRUN.dll:Cla$PUTINI 4264FC,401178
ClaRUN.dll:Cla$PUTqueue 426500
ClaRUN.dll:Cla$PUTqueuekey 426504,401180
ClaRUN.dll:Cla$PUTREG 426508,401188
ClaRUN.dll:Cla$pwopen 42650C,401190
ClaRUN.dll:Cla$realdistinct 426510
ClaRUN.dll:Cla$RECORDSqueue 426514,401198
ClaRUN.dll:Cla$RefAssignAny 426518
ClaRUN.dll:Cla$REGISTEREVENT 42651C,4011A0
ClaRUN.dll:Cla$RESUME 426520,4011A8
ClaRUN.dll:Cla$SELECT 426524,4011B0
ClaRUN.dll:Cla$SETCURSOR 426528,4011B8
ClaRUN.dll:Cla$SETKEYCODE 42652C,4011C0
ClaRUN.dll:Cla$SETPATH 426530,4011C8
ClaRUN.dll:Cla$SETPOSITION 426534,4011D0
ClaRUN.dll:Cla$SetPropS 426538
ClaRUN.dll:Cla$SetPropV 42653C
ClaRUN.dll:Cla$SHORTPATH 426540,4011D8
ClaRUN.dll:Cla$SORTqueuekey 426544,4011E0
ClaRUN.dll:Cla$Stack2DStack 426548
ClaRUN.dll:Cla$Stack2Ufo 42654C
ClaRUN.dll:Cla$StackCLIP 426550,4011E8
ClaRUN.dll:Cla$StackCompareN 426554
ClaRUN.dll:Cla$StackCompareNEQ 426558
ClaRUN.dll:Cla$StackCompareR 42655C
ClaRUN.dll:Cla$StackConcat 426560
ClaRUN.dll:Cla$StackConcatR 426564
ClaRUN.dll:Cla$StackErrstr 426568,4011F0
ClaRUN.dll:Cla$StackHeap 42656C
ClaRUN.dll:Cla$StackINSTRING 426570,4011F8
ClaRUN.dll:Cla$StackLEFT 426574,401200
ClaRUN.dll:Cla$StackLen 426578,401208
ClaRUN.dll:Cla$StackRotate 42657C
ClaRUN.dll:Cla$StackSUB 426580,401210
ClaRUN.dll:Cla$StackUPPER 426584,401218
ClaRUN.dll:Cla$START1 426588,401220
ClaRUN.dll:Cla$StartEventLoop 42658C
ClaRUN.dll:Cla$StashBP 426590
ClaRUN.dll:Cla$storecstr 426594
ClaRUN.dll:Cla$storestr 426598
ClaRUN.dll:Cla$String2Ref 42659C
ClaRUN.dll:Cla$THREAD 4265A0,401228
ClaRUN.dll:Cla$THREAD_FILE 4265A4
ClaRUN.dll:Cla$TODAY 4265A8,401230
ClaRUN.dll:Cla$UNHIDE 4265AC,401238
ClaRUN.dll:Cla$UNREGISTEREVENT 4265B0,401240
ClaRUN.dll:Cla$WHAT 4265B4,401248
ClaRUN.dll:NewCriticalSection 4265B8,401250
ClaRUN.dll:THR$GetInstance 4265BC,401258
ClaRUN.dll:_exit 4265C0,401260
ClaRUN.dll:_free 4265C4
ClaRUN.dll:_malloc 4265C8
ClaRUN.dll:__a_chkstk 4265CC,401268
ClaRUN.dll:__e_index 4265D0,401270
ClaRUN.dll:__e_stack 4265D4,401278
ClaRUN.dll:__sysinit 4265D8,401280
ClaRUN.dll:__sysstart 4265DC,401288
IQXML80:XML:ADDFROMGROUP@FRgsbOUcOUcOUc 426614
IQXML80:XML:ADDPARENT@FOUcOsb 426618
IQXML80:XML:CLOSEPARENT@FOsb 42661C
IQXML80:XML:CLOSEXMLFILE@FOUc 426620
IQXML80:XML:CREATEATTRIBUTE@Fsbsb 426624
IQXML80:XML:CREATEPARENT@Fsb 426628
IQXML80:XML:CREATEXMLFILE@FsbOsbOsbOUcOsbOUcOUc 42662C
IQXML80:XML:DEBUGMYQUEUE@FBqOsb 426630
IQXML80:XML:FREE@F 426634
IQXML80:XML:LOADFROMFILE@FsbOUcOUcOlOUc 426638
IQXML80:XML:LOADQUEUE@FBqOUcOUcOUcOlOUc 42663C
KERNEL32.dll:CloseHandle 426690,401290
KERNEL32.dll:CreateEventA 426694,401298
KERNEL32.dll:CreateThread 426698,4012A0
KERNEL32.dll:FindCloseChangeNotification 42669C,4012A8
KERNEL32.dll:FindFirstChangeNotificationA 4266A0,4012B0
KERNEL32.dll:FindNextChangeNotification 4266A4,4012B8
KERNEL32.dll:FreeLibrary 4266A8,4012C0
KERNEL32.dll:GetLastError 4266AC,4012C8
KERNEL32.dll:GetProcAddress 4266B0,4012D0
KERNEL32.dll:IsBadReadPtr 4266B4,4012D8
KERNEL32.dll:LoadLibraryA 4266B8,4012E0
KERNEL32.dll:OutputDebugStringA 4266BC,4012E8
KERNEL32.dll:RtlMoveMemory 4266C0,4012F0
KERNEL32.dll:SetEvent 4266C4,4012F8
KERNEL32.dll:TerminateThread 4266C8,401300
KERNEL32.dll:VirtualAlloc 4266CC,401308
KERNEL32.dll:VirtualFree 4266D0,401310
KERNEL32.dll:WaitForMultipleObjects 4266D4,401318
WS2_32.dll:accept 42671C,401320
WS2_32.dll:closesocket 426720,401328
WS2_32.dll:connect 426724,401330
WS2_32.dll:listen 426728,401338
WS2_32.dll:recv 42672C,401340
WS2_32.dll:send 426730,401348
WS2_32.dll:setsockopt 426734,401350
WS2_32.dll:shutdown 426738,401358
WS2_32.dll:WSACleanup 42673C,401360
WS2_32.dll:WSACloseEvent 426740,401368
WS2_32.dll:WSACreateEvent 426744,401370
WS2_32.dll:WSAEnumNetworkEvents 426748,401378
WS2_32.dll:WSAEventSelect 42674C,401380
WS2_32.dll:WSAGetLastError 426750,401388
WS2_32.dll:WSAWaitForMultipleEvents 426754,401390



Entry Point:   41650C