  401208       F1 Code                ABFILE_TEXT
  4012FC     25E2 Code                ABRESIZE_TEXT
  4038E0     1CE5 Code                ABUTIL_TEXT
  4055C8        7 Code                CALLA_TEXT
  4055D0     1865 Code                CLARIONTEST_MAIN_TEXT
  406E38       70 Code                CLARIONTEST_TEXT
  406EA8      147 Code                CWSYNCHC_TEXT
  406FF0      C58 Code                DCL_CLARIONTEST_TESTRUNNER_TEXT
  407C48      519 Code                DCL_SYSTEM_RUNTIME_DIRECTORYWATC
  408164     13C8 Code                DCL_SYSTEM_RUNTIME_DLL_TEXT
  40952C       23 Code                IEXE32_TEXT
  409550      3D3 Code                INIT_TEXT
  409924        D Code                INST00_TEXT
  40A000       23 Initialized Data    ABEIP_CONST
  40A024       3C Initialized Data    ABEIP_DATA
  40A060       1C Initialized Data    ABERROR_CONST
  40A07C       64 Initialized Data    ABERROR_DATA
  40A0E0        1 Initialized Data    ABFILE_CONST
  40A0E4      147 Initialized Data    ABFILE_DATA
  40A22C       40 Initialized Data    ABRESIZE_CONST
  40A26C      23F Initialized Data    ABRESIZE_DATA
  40A4AC       B4 Initialized Data    ABUTIL_CONST
  40A560       EB Initialized Data    ABUTIL_DATA
  40A64C        A Initialized Data    CLARIONTEST_ABOUT_CONST
  40A658       10 Initialized Data    CLARIONTEST_CONST
  40A668      1F1 Initialized Data    CLARIONTEST_MAIN_CONST
  40A85C      374 Initialized Data    CLARIONTEST_MAIN_DATA
  40ABD0       48 Initialized Data    CWSYNCHC_DATA
  40AC18      328 Initialized Data    DCL_CLARIONTEST_TESTRUNNER_CONST
  40AF40      100 Initialized Data    DCL_CLARIONTEST_TESTRUNNER_DATA
  40B040      173 Initialized Data    DCL_SYSTEM_RUNTIME_DIRECTORYWATC
  40B1B4      303 Initialized Data    DCL_SYSTEM_RUNTIME_DLL_CONST
  40B4B8      AD0 Initialized Data    DCL_SYSTEM_RUNTIME_DLL_DATA
  40BF88       44 Initialized Data    IEXE32_DATA
  40BFCC        0 Initialized Data    __CPPINI_CONS
  40BFCC      230 Initialized Data    __CPPINI_CONST
  40C1FC        4 Initialized Data    __CPPINI_END
  40C200        0 Initialized Data    __INIVMT_CONS
  40C200       48 Initialized Data    __INIVMT_CONST
  40C248        0 Initialized Data    __INIVMT_CONST_END
  40C250       40 Un-initialized Data ABEIP_BSS
  40C290      404 Un-initialized Data ABERROR_BSS
  40C694       10 Un-initialized Data ABFILE_BSS
  40C6A4      104 Un-initialized Data ABUTIL_BSS
  40C7A8      118 Un-initialized Data CLARIONTEST_BSS
  40C8C0       36 Un-initialized Data CLARIONTEST_MAIN_BSS
  40C8F8       36 Un-initialized Data DCL_CLARIONTEST_TESTRUNNER_BSS
  40C930       36 Un-initialized Data DCL_SYSTEM_RUNTIME_DIRECTORYWATC
  40C968      B7E Un-initialized Data DCL_SYSTEM_RUNTIME_DLL_BSS
  40E000        8 __T_L_S__DAT
  40E008       98 __T_L_S__DATA
  40E0A0        0 __T_L_S__DATA_END
  40E0A0        0 __T_L_S__BS
  40E0A0      90C __T_L_S__BSS
  40E9AC        0 __T_L_S__BSS_END

  401208 DESTRUCT@F12FILESMANAGER
  401274 CONSTRUCT@F12FILESMANAGER
  401534 SETPRIORITIES@F17WINDOWRESIZECLASS13POSITIONGROUP
  4015A4 SETSIZE@F17WINDOWRESIZECLASSl13POSITIONGROUP
  401694 GETSIZEINFO@F17WINDOWRESIZECLASSl13POSITIONGROUP
  4017D0 RESTORECONTROLS@F17WINDOWRESIZECLASS
  401860 TAKERESIZE@F17WINDOWRESIZECLASS
  401910 SETSTRATEGY@F17WINDOWRESIZECLASSlUsUs
  401B30 SETPOSITION@F17WINDOWRESIZECLASSl13POSITIONGROUP13POSITIONGROUP13POSITIONGROUP13POSITIONGROUP
  402254 SETPARENTDEFAULT@F17WINDOWRESIZECLASS
  402598 SETPARENTDEFAULTS@F17WINDOWRESIZECLASS
  402624 SETPARENTCONTROL@F17WINDOWRESIZECLASSll
  40273C RESTOREWINDOW@F17WINDOWRESIZECLASS
  402810 RESIZECHILDREN@F17WINDOWRESIZECLASSl13POSITIONGROUP13POSITIONGROUP
  402A38 RESIZE@F17WINDOWRESIZECLASSl
  402D88 RESIZE@F17WINDOWRESIZECLASS
  402DBC RESET@F17WINDOWRESIZECLASS
  403134 INIT@F17WINDOWRESIZECLASSUcUcUc
  403378 GETCURRENTPOS@F17WINDOWRESIZECLASSl13POSITIONGROUP
  4033E8 GETORIGPOS@F17WINDOWRESIZECLASSl13POSITIONGROUP
  403464 GETRESIZESTRATEGY@F17WINDOWRESIZECLASSsOUc
  403674 GETPOSITIONSTRATEGY@F17WINDOWRESIZECLASSsOUc
  403874 GETPARENTCONTROL@F17WINDOWRESIZECLASSl
  4038E0 UPDATEQUEUE@F8INICLASSsbsbBqRuPuPuPu
  403B1C UPDATE@F8INICLASSsbsbsb
  403BEC UPDATE@F8INICLASSsbBw
  403DD0 UPDATE@F8INICLASS
  403DF0 TRYFETCH@F8INICLASSsbsb
  403E78 REMOVE@F8INICLASSsbsb
  404018 KILL@F8INICLASS
  40416C INIT@F8INICLASSsbll
  4042B8 FETCHQUEUE@F8INICLASSsbsbBqRuPuPuPu
  404534 FETCHFIELD@F8INICLASSsbsbUc
  4046D0 FETCH@F8INICLASSsbsbRu
  4047A8 FETCH@F8INICLASSsbBw
  404A10 FETCH@F8INICLASSsbsb
  404BA8 FETCH@F8INICLASS
  404BC8 UPDATEWINDOWINFO@F8INICLASSsb10WINDOWINFO
  404E5C FETCHWINDOWINFO@F8INICLASSsb10WINDOWINFO
  4050F0 UPDATE@F8INICLASSsbsbsbsb
  405304 FETCH@F8INICLASSsbsbsbsb
  405558 DESTRUCT@F8INICLASS
  405594 CONSTRUCT@F8INICLASS
  4055C8 CallA
  4055CA FIXSTACK
  4065AC MAIN@F
  406E38 _main
  406EA8 DESTRUCT@F15CRITICALSECTION
  406EDC CONSTRUCT@F15CRITICALSECTION
  406F0C KILL@F17CRITICALPROCEDURE
  406F54 INIT@F17CRITICALPROCEDURE11ISYNCOBJECT
  406FA0 DESTRUCT@F17CRITICALPROCEDURE
  406FC8 CONSTRUCT@F17CRITICALPROCEDURE
  406FF0 RUNTEST@F26DCL_CLARIONTEST_TESTRUNNERl
  4071D4 KILL@F26DCL_CLARIONTEST_TESTRUNNER
  407278 INIT@F26DCL_CLARIONTEST_TESTRUNNERsb
  40735C GETTESTPROCEDURES@F26DCL_CLARIONTEST_TESTRUNNER35DCL_CLARIONTEST_TESTPROCEDURESQUEUE
  407B54 GETFAILEDTEST@F26DCL_CLARIONTEST_TESTRUNNERsb
  407BD8 DESTRUCT@F26DCL_CLARIONTEST_TESTRUNNER
  407C18 CONSTRUCT@F26DCL_CLARIONTEST_TESTRUNNER
  407C48 WAITPROC@Fsb
  407DD4 TAKEEVENT@F35DCL_SYSTEM_RUNTIME_DIRECTORYWATCHER
  407E88 KILL@F35DCL_SYSTEM_RUNTIME_DIRECTORYWATCHER
  407F1C INIT@F35DCL_SYSTEM_RUNTIME_DIRECTORYWATCHERsbllllll
  4080B4 INIT@F35DCL_SYSTEM_RUNTIME_DIRECTORYWATCHERsb
  40811C DESTRUCT@F35DCL_SYSTEM_RUNTIME_DIRECTORYWATCHER
  408144 CONSTRUCT@F35DCL_SYSTEM_RUNTIME_DIRECTORYWATCHER
  408164 DUMPNEEXPORTS@F22DCL_SYSTEM_RUNTIME_DLL
  408184 DUMPPEEXPORTTABLE@F22DCL_SYSTEM_RUNTIME_DLLUlUl
  4084EC GETEXPORTEDPROCEDURES@F22DCL_SYSTEM_RUNTIME_DLLsbBq
  408B14 TAKEERROR@F22DCL_SYSTEM_RUNTIME_DLLsb
  408BB8 CALL@F22DCL_SYSTEM_RUNTIME_DLLsbOlOlOlOlOlOlOlOlOlOl
  408E74 GETADDRESS@F22DCL_SYSTEM_RUNTIME_DLLsb
  409140 KILL@F22DCL_SYSTEM_RUNTIME_DLL
  409244 ISINITIALIZED@F22DCL_SYSTEM_RUNTIME_DLL
  409268 INIT@F22DCL_SYSTEM_RUNTIME_DLLsbUc
  409470 DESTRUCT@F22DCL_SYSTEM_RUNTIME_DLL
  4094D0 CONSTRUCT@F22DCL_SYSTEM_RUNTIME_DLL
  409924 __thr_inst0
  40A024 TYPE$COLORMAP
  40A050 TCB$COLORMAP
  40A07C STDERRORFILE$TYPE$RECORD
  40A094 $STDERRORFILE
  40A0E4 TYPE$UNTHREADEDFILEOPENERMAP
  40A108 TCB$UNTHREADEDFILEOPENERMAP
  40A118 TYPE$FILESMANAGER
  40A15C VMT$FILESMANAGER
  40A168 TYPE$FILEMAPPING_T
  40A194 TYPE$FILEMAPPING_R
  40A1C4 TYPE$STATUSQ_T
  40A26C TYPE$WINDOWRESIZECLASS
  40A578 TYPE$INICLASS
  40A5C0 VMT$INICLASS
  40ABD0 TYPE$CRITICALSECTION
  40ABE8 VMT$CRITICALSECTION
  40ABF4 TYPE$CRITICALPROCEDURE
  40AC0C VMT$CRITICALPROCEDURE
  40AF40 TYPE$DCL_CLARIONTEST_TESTRUNNER
  40AF74 VMT$DCL_CLARIONTEST_TESTRUNNER
  40B0A8 TYPE$DCL_SYSTEM_RUNTIME_DIRECTORYWATCHER
  40B4B8 EXEFILE$TYPE$EXE:RECORD
  40BCCC $EXEFILE
  40BD18 TXTFILE$TYPE$TXT:RECORD
  40BD34 $TXTFILE
  40BD80 LIBFILE$TYPE$LIB:RECORD
  40BE18 $LIBFILE
  40BE64 TYPE$ADDRESSQTYPE
  40BE8C TYPE$DCL_SYSTEM_RUNTIME_DLL
  40BF1C VMT$DCL_SYSTEM_RUNTIME_DLL
  40C210 VMTP$DCL_SYSTEM_RUNTIME_DLL
  40C218 VMTP$DCL_CLARIONTEST_TESTRUNNER
  40C228 VMTP$FILESMANAGER
  40C230 VMTP$INICLASS
  40C238 VMTP$CRITICALSECTION
  40C240 VMTP$CRITICALPROCEDURE
  40C250 $COLORMAP
  40C288 $MULTIWINDOW
  40C28C $TXTWINDOW
  40C290 $WINDOW
  40C294 STDERRORFILE$RECORD
  40C694 $UNTHREADEDFILEOPENERMAP
  40C69C $CREATEOPENERCRIT
  40C7A8 $SETTINGS
  40C8C0 CLARIONTEST_MAIN$LOGGER
  40C968 $LOGGER
  40C9A0 $LOG
  40C9D8 $FILENAMEVARIABLE
  40CBE0 EXEFILE$EXE:RECORD
  40CFE0 TXTFILE$TXT:RECORD
  40D0E0 LIBFILE$LIB:RECORD
  40D4E0 MEMOS$LIBFILE
  40E0A0 $FILESMANAGER
  40E0B8 $SZDBTEXTLOG
  40F000 __import_section_start
  4102AC __import_section_end

Imports
ClaASC.dll:ASCII 40F080
ClaDOS.dll:DOS 40F090
ClaRUN.dll:Cla$ACCEPTED 40F280,401000
ClaRUN.dll:Cla$ADDqueue 40F284
ClaRUN.dll:Cla$ADDqueuekey 40F288,401008
ClaRUN.dll:Cla$AssertFailed 40F28C
ClaRUN.dll:Cla$AssertFailedM 40F290
ClaRUN.dll:Cla$AssignRefUfo 40F294
ClaRUN.dll:Cla$BEEP 40F298,401010
ClaRUN.dll:Cla$CLEAR 40F29C
ClaRUN.dll:Cla$CLEARqueue 40F2A0
ClaRUN.dll:Cla$clearstr 40F2A4
ClaRUN.dll:Cla$CLOCK 40F2A8,401018
ClaRUN.dll:Cla$CLOSEwindow 40F2AC,401020
ClaRUN.dll:Cla$code 40F2B0
ClaRUN.dll:Cla$COMMAND 40F2B4,401028
ClaRUN.dll:Cla$comparestr 40F2B8
ClaRUN.dll:Cla$DecAdd 40F2BC
ClaRUN.dll:Cla$DecCompareN 40F2C0
ClaRUN.dll:Cla$DecDistinct 40F2C4
ClaRUN.dll:Cla$DecDivide 40F2C8
ClaRUN.dll:Cla$DecMul 40F2CC
ClaRUN.dll:Cla$DecSub 40F2D0
ClaRUN.dll:Cla$DecSubR 40F2D4
ClaRUN.dll:Cla$DELETEREG 40F2D8,401030
ClaRUN.dll:Cla$DISPLAY 40F2DC,401038
ClaRUN.dll:Cla$DISPOSEqueue 40F2E0
ClaRUN.dll:Cla$DISPOSEref 40F2E4
ClaRUN.dll:Cla$Dlongpower 40F2E8
ClaRUN.dll:Cla$DPopDec 40F2EC
ClaRUN.dll:Cla$DPopLong 40F2F0
ClaRUN.dll:Cla$DPopReal 40F2F4
ClaRUN.dll:Cla$DPopUlong 40F2F8
ClaRUN.dll:Cla$DPushDec 40F2FC
ClaRUN.dll:Cla$DPushLong 40F300
ClaRUN.dll:Cla$DPushULong 40F304
ClaRUN.dll:Cla$DStack2Stack 40F308
ClaRUN.dll:Cla$EndEventLoop 40F30C
ClaRUN.dll:Cla$ERRORCODE 40F310,401040
ClaRUN.dll:Cla$EVENT 40F314,401048
ClaRUN.dll:Cla$FILEDIALOG 40F318,401050
ClaRUN.dll:Cla$FileExists 40F31C,401058
ClaRUN.dll:Cla$FILE_CLOSE 40F320,401060
ClaRUN.dll:CLA$FILE_DESTROY 40F324
ClaRUN.dll:Cla$FILE_GETflu 40F328
ClaRUN.dll:Cla$FILE_OPEN 40F32C,401068
ClaRUN.dll:Cla$FREEqueue 40F330
ClaRUN.dll:Cla$FREEqueuea 40F334,401070
ClaRUN.dll:Cla$freestr 40F338
ClaRUN.dll:Cla$FreeUfo 40F33C
ClaRUN.dll:Cla$freewindow 40F340
ClaRUN.dll:Cla$GETINI 40F344,401078
ClaRUN.dll:Cla$GETPOSITION 40F348,401080
ClaRUN.dll:Cla$GetPropS 40F34C
ClaRUN.dll:Cla$GETqueuekey 40F350,401088
ClaRUN.dll:Cla$GETqueueptr 40F354
ClaRUN.dll:Cla$GETREG 40F358,401090
ClaRUN.dll:Cla$init 40F35C
ClaRUN.dll:Cla$LASTFIELD 40F360,401098
ClaRUN.dll:Cla$LONGPATH 40F364,4010A0
ClaRUN.dll:Cla$Mem2Ufo 40F368
ClaRUN.dll:Cla$MessageBox 40F36C,4010A8
ClaRUN.dll:Cla$NewMemT 40F370
ClaRUN.dll:Cla$NEWqueue 40F374
ClaRUN.dll:Cla$NOTIFICATION 40F378,4010B0
ClaRUN.dll:Cla$NOTIFY 40F37C,4010B8
ClaRUN.dll:Cla$OPENwindow 40F380,4010C0
ClaRUN.dll:Cla$PopCString 40F384
ClaRUN.dll:Cla$PopString 40F388
ClaRUN.dll:Cla$PopTemp 40F38C
ClaRUN.dll:Cla$POST 40F390,4010C8
ClaRUN.dll:Cla$PushCString 40F394
ClaRUN.dll:Cla$PushLong 40F398
ClaRUN.dll:Cla$PushPictLong 40F39C
ClaRUN.dll:Cla$PushReal 40F3A0
ClaRUN.dll:Cla$PushString 40F3A4
ClaRUN.dll:Cla$PushUfo 40F3A8
ClaRUN.dll:Cla$PUTINI 40F3AC,4010D0
ClaRUN.dll:Cla$PUTqueue 40F3B0
ClaRUN.dll:Cla$PUTqueuekey 40F3B4,4010D8
ClaRUN.dll:Cla$PUTREG 40F3B8,4010E0
ClaRUN.dll:Cla$pwopen 40F3BC,4010E8
ClaRUN.dll:Cla$realdistinct 40F3C0
ClaRUN.dll:Cla$RECORDSqueue 40F3C4,4010F0
ClaRUN.dll:Cla$REGISTEREVENT 40F3C8,4010F8
ClaRUN.dll:Cla$RESUME 40F3CC,401100
ClaRUN.dll:Cla$SETCURSOR 40F3D0,401108
ClaRUN.dll:Cla$SETPATH 40F3D4,401110
ClaRUN.dll:Cla$SETPOSITION 40F3D8,401118
ClaRUN.dll:Cla$SetPropS 40F3DC
ClaRUN.dll:Cla$SetPropV 40F3E0
ClaRUN.dll:Cla$SORTqueuekey 40F3E4,401120
ClaRUN.dll:Cla$Stack2DStack 40F3E8
ClaRUN.dll:Cla$Stack2Ufo 40F3EC
ClaRUN.dll:Cla$StackCLIP 40F3F0,401128
ClaRUN.dll:Cla$StackCompareN 40F3F4
ClaRUN.dll:Cla$StackCompareNEQ 40F3F8
ClaRUN.dll:Cla$StackConcat 40F3FC
ClaRUN.dll:Cla$StackConcatR 40F400
ClaRUN.dll:Cla$StackErrstr 40F404,401130
ClaRUN.dll:Cla$StackHeap 40F408
ClaRUN.dll:Cla$StackINSTRING 40F40C,401138
ClaRUN.dll:Cla$StackLEFT 40F410,401140
ClaRUN.dll:Cla$StackLen 40F414,401148
ClaRUN.dll:Cla$StackRotate 40F418
ClaRUN.dll:Cla$StackSUB 40F41C,401150
ClaRUN.dll:Cla$StackUPPER 40F420,401158
ClaRUN.dll:Cla$START1 40F424,401160
ClaRUN.dll:Cla$StartEventLoop 40F428
ClaRUN.dll:Cla$StashBP 40F42C
ClaRUN.dll:Cla$storecstr 40F430
ClaRUN.dll:Cla$storestr 40F434
ClaRUN.dll:Cla$THREAD 40F438,401168
ClaRUN.dll:NewCriticalSection 40F43C,401170
ClaRUN.dll:THR$GetInstance 40F440,401178
ClaRUN.dll:_exit 40F444,401180
ClaRUN.dll:_free 40F448
ClaRUN.dll:_malloc 40F44C
ClaRUN.dll:__a_chkstk 40F450,401188
ClaRUN.dll:__e_index 40F454,401190
ClaRUN.dll:__e_stack 40F458,401198
ClaRUN.dll:__sysinit 40F45C,4011A0
ClaRUN.dll:__sysstart 40F460,4011A8
DevRoadmapsClarion:ASSIGN@F17DCL_SYSTEM_STRINGsb 40F4B0
DevRoadmapsClarion:CONSTRUCT@F23DCL_SYSTEM_IO_DIRECTORY 40F4B4
DevRoadmapsClarion:DESTRUCT@F17DCL_SYSTEM_STRING 40F4B8
DevRoadmapsClarion:DESTRUCT@F23DCL_SYSTEM_IO_DIRECTORY 40F4BC
DevRoadmapsClarion:GETCHECKSUM@F23DCL_SYSTEM_IO_DIRECTORY 40F4C0
DevRoadmapsClarion:GETDIRECTORYLISTING@F23DCL_SYSTEM_IO_DIRECTORY 40F4C4
DevRoadmapsClarion:INIT@F23DCL_SYSTEM_IO_DIRECTORYsb 40F4C8
DevRoadmapsClarion:LASTINDEXOF@F17DCL_SYSTEM_STRINGsb 40F4CC
DevRoadmapsClarion:LENGTH@F17DCL_SYSTEM_STRING 40F4D0
DevRoadmapsClarion:SETFILTER@F23DCL_SYSTEM_IO_DIRECTORYsb 40F4D4
DevRoadmapsClarion:SUBSTRING@F17DCL_SYSTEM_STRINGll 40F4D8
DevRoadmapsClarion:TYPE$DCL_SYSTEM_IO_DIRECTORY 40F4DC
DevRoadmapsClarion:TYPE$DCL_SYSTEM_STRING 40F4E0
DevRoadmapsClarion:VMT$DCL_SYSTEM_DIAGNOSTICS_LOGGER 40F4E4
DevRoadmapsClarion:VMT$DCL_SYSTEM_IO_DIRECTORY 40F4E8
DevRoadmapsClarion:VMT$DCL_SYSTEM_STRING 40F4EC
DevRoadmapsClarion:WRITE@F29DCL_SYSTEM_DIAGNOSTICS_LOGGERsb 40F4F0
KERNEL32.dll:CloseHandle 40F528,4011B0
KERNEL32.dll:CreateEventA 40F52C,4011B8
KERNEL32.dll:FindCloseChangeNotification 40F530,4011C0
KERNEL32.dll:FindFirstChangeNotificationA 40F534,4011C8
KERNEL32.dll:FindNextChangeNotification 40F538,4011D0
KERNEL32.dll:FreeLibrary 40F53C,4011D8
KERNEL32.dll:GetLastError 40F540,4011E0
KERNEL32.dll:GetProcAddress 40F544,4011E8
KERNEL32.dll:LoadLibraryA 40F548,4011F0
KERNEL32.dll:SetEvent 40F54C,4011F8
KERNEL32.dll:WaitForMultipleObjects 40F550,401200



Entry Point:   40952C