  401200       F1 Code                ABFILE_TEXT
  4012F4     25E2 Code                ABRESIZE_TEXT
  4038D8     1CE5 Code                ABUTIL_TEXT
  4055C0        7 Code                CALLA_TEXT
  4055C8     12C9 Code                CLARIONTEST_MAIN_TEXT
  406894       70 Code                CLARIONTEST_TEXT
  406904      147 Code                CWSYNCHC_TEXT
  406A4C      C5C Code                DCL_CLARIONTEST_TESTRUNNER_TEXT
  4076A8      519 Code                DCL_SYSTEM_RUNTIME_DIRECTORYWATC
  407BC4     13C8 Code                DCL_SYSTEM_RUNTIME_DLL_TEXT
  408F8C       23 Code                IEXE32_TEXT
  408FB0      3D3 Code                INIT_TEXT
  409384        D Code                INST00_TEXT
  40A000       23 Initialized Data    ABEIP_CONST
  40A024       3C Initialized Data    ABEIP_DATA
  40A060       1C Initialized Data    ABERROR_CONST
  40A07C       64 Initialized Data    ABERROR_DATA
  40A0E0        1 Initialized Data    ABFILE_CONST
  40A0E4      147 Initialized Data    ABFILE_DATA
  40A22C       40 Initialized Data    ABRESIZE_CONST
  40A26C      23F Initialized Data    ABRESIZE_DATA
  40A4AC       B4 Initialized Data    ABUTIL_CONST
  40A560       EB Initialized Data    ABUTIL_DATA
  40A64C        A Initialized Data    CLARIONTEST_ABOUT_CONST
  40A658       10 Initialized Data    CLARIONTEST_CONST
  40A668      151 Initialized Data    CLARIONTEST_MAIN_CONST
  40A7BC      374 Initialized Data    CLARIONTEST_MAIN_DATA
  40AB30       48 Initialized Data    CWSYNCHC_DATA
  40AB78      328 Initialized Data    DCL_CLARIONTEST_TESTRUNNER_CONST
  40AEA0      100 Initialized Data    DCL_CLARIONTEST_TESTRUNNER_DATA
  40AFA0      173 Initialized Data    DCL_SYSTEM_RUNTIME_DIRECTORYWATC
  40B114      303 Initialized Data    DCL_SYSTEM_RUNTIME_DLL_CONST
  40B418      AD0 Initialized Data    DCL_SYSTEM_RUNTIME_DLL_DATA
  40BEE8       44 Initialized Data    IEXE32_DATA
  40BF2C        0 Initialized Data    __CPPINI_CONS
  40BF2C      214 Initialized Data    __CPPINI_CONST
  40C140        4 Initialized Data    __CPPINI_END
  40C144        0 Initialized Data    __INIVMT_CONS
  40C144       48 Initialized Data    __INIVMT_CONST
  40C18C        0 Initialized Data    __INIVMT_CONST_END
  40C190       40 Un-initialized Data ABEIP_BSS
  40C1D0      404 Un-initialized Data ABERROR_BSS
  40C5D4       10 Un-initialized Data ABFILE_BSS
  40C5E4      104 Un-initialized Data ABUTIL_BSS
  40C6E8      118 Un-initialized Data CLARIONTEST_BSS
  40C800       36 Un-initialized Data CLARIONTEST_MAIN_BSS
  40C838       36 Un-initialized Data DCL_CLARIONTEST_TESTRUNNER_BSS
  40C870       36 Un-initialized Data DCL_SYSTEM_RUNTIME_DIRECTORYWATC
  40C8A8      B7E Un-initialized Data DCL_SYSTEM_RUNTIME_DLL_BSS
  40E000        8 __T_L_S__DAT
  40E008       98 __T_L_S__DATA
  40E0A0        0 __T_L_S__DATA_END
  40E0A0        0 __T_L_S__BS
  40E0A0      90C __T_L_S__BSS
  40E9AC        0 __T_L_S__BSS_END

  401200 DESTRUCT@F12FILESMANAGER
  40126C CONSTRUCT@F12FILESMANAGER
  40152C SETPRIORITIES@F17WINDOWRESIZECLASS13POSITIONGROUP
  40159C SETSIZE@F17WINDOWRESIZECLASSl13POSITIONGROUP
  40168C GETSIZEINFO@F17WINDOWRESIZECLASSl13POSITIONGROUP
  4017C8 RESTORECONTROLS@F17WINDOWRESIZECLASS
  401858 TAKERESIZE@F17WINDOWRESIZECLASS
  401908 SETSTRATEGY@F17WINDOWRESIZECLASSlUsUs
  401B28 SETPOSITION@F17WINDOWRESIZECLASSl13POSITIONGROUP13POSITIONGROUP13POSITIONGROUP13POSITIONGROUP
  40224C SETPARENTDEFAULT@F17WINDOWRESIZECLASS
  402590 SETPARENTDEFAULTS@F17WINDOWRESIZECLASS
  40261C SETPARENTCONTROL@F17WINDOWRESIZECLASSll
  402734 RESTOREWINDOW@F17WINDOWRESIZECLASS
  402808 RESIZECHILDREN@F17WINDOWRESIZECLASSl13POSITIONGROUP13POSITIONGROUP
  402A30 RESIZE@F17WINDOWRESIZECLASSl
  402D80 RESIZE@F17WINDOWRESIZECLASS
  402DB4 RESET@F17WINDOWRESIZECLASS
  40312C INIT@F17WINDOWRESIZECLASSUcUcUc
  403370 GETCURRENTPOS@F17WINDOWRESIZECLASSl13POSITIONGROUP
  4033E0 GETORIGPOS@F17WINDOWRESIZECLASSl13POSITIONGROUP
  40345C GETRESIZESTRATEGY@F17WINDOWRESIZECLASSsOUc
  40366C GETPOSITIONSTRATEGY@F17WINDOWRESIZECLASSsOUc
  40386C GETPARENTCONTROL@F17WINDOWRESIZECLASSl
  4038D8 UPDATEQUEUE@F8INICLASSsbsbBqRuPuPuPu
  403B14 UPDATE@F8INICLASSsbsbsb
  403BE4 UPDATE@F8INICLASSsbBw
  403DC8 UPDATE@F8INICLASS
  403DE8 TRYFETCH@F8INICLASSsbsb
  403E70 REMOVE@F8INICLASSsbsb
  404010 KILL@F8INICLASS
  404164 INIT@F8INICLASSsbll
  4042B0 FETCHQUEUE@F8INICLASSsbsbBqRuPuPuPu
  40452C FETCHFIELD@F8INICLASSsbsbUc
  4046C8 FETCH@F8INICLASSsbsbRu
  4047A0 FETCH@F8INICLASSsbBw
  404A08 FETCH@F8INICLASSsbsb
  404BA0 FETCH@F8INICLASS
  404BC0 UPDATEWINDOWINFO@F8INICLASSsb10WINDOWINFO
  404E54 FETCHWINDOWINFO@F8INICLASSsb10WINDOWINFO
  4050E8 UPDATE@F8INICLASSsbsbsbsb
  4052FC FETCH@F8INICLASSsbsbsbsb
  405550 DESTRUCT@F8INICLASS
  40558C CONSTRUCT@F8INICLASS
  4055C0 CallA
  4055C2 FIXSTACK
  406298 MAIN@F
  406894 _main
  406904 DESTRUCT@F15CRITICALSECTION
  406938 CONSTRUCT@F15CRITICALSECTION
  406968 KILL@F17CRITICALPROCEDURE
  4069B0 INIT@F17CRITICALPROCEDURE11ISYNCOBJECT
  4069FC DESTRUCT@F17CRITICALPROCEDURE
  406A24 CONSTRUCT@F17CRITICALPROCEDURE
  406A4C RUNTEST@F26DCL_CLARIONTEST_TESTRUNNERl
  406C30 KILL@F26DCL_CLARIONTEST_TESTRUNNER
  406CD4 INIT@F26DCL_CLARIONTEST_TESTRUNNERsb
  406DBC GETTESTPROCEDURES@F26DCL_CLARIONTEST_TESTRUNNER35DCL_CLARIONTEST_TESTPROCEDURESQUEUE
  4075B4 GETFAILEDTEST@F26DCL_CLARIONTEST_TESTRUNNERsb
  407638 DESTRUCT@F26DCL_CLARIONTEST_TESTRUNNER
  407678 CONSTRUCT@F26DCL_CLARIONTEST_TESTRUNNER
  4076A8 WAITPROC@Fsb
  407834 TAKEEVENT@F35DCL_SYSTEM_RUNTIME_DIRECTORYWATCHER
  4078E8 KILL@F35DCL_SYSTEM_RUNTIME_DIRECTORYWATCHER
  40797C INIT@F35DCL_SYSTEM_RUNTIME_DIRECTORYWATCHERsbllllll
  407B14 INIT@F35DCL_SYSTEM_RUNTIME_DIRECTORYWATCHERsb
  407B7C DESTRUCT@F35DCL_SYSTEM_RUNTIME_DIRECTORYWATCHER
  407BA4 CONSTRUCT@F35DCL_SYSTEM_RUNTIME_DIRECTORYWATCHER
  407BC4 DUMPNEEXPORTS@F22DCL_SYSTEM_RUNTIME_DLL
  407BE4 DUMPPEEXPORTTABLE@F22DCL_SYSTEM_RUNTIME_DLLUlUl
  407F4C GETEXPORTEDPROCEDURES@F22DCL_SYSTEM_RUNTIME_DLLsbBq
  408574 TAKEERROR@F22DCL_SYSTEM_RUNTIME_DLLsb
  408618 CALL@F22DCL_SYSTEM_RUNTIME_DLLsbOlOlOlOlOlOlOlOlOlOl
  4088D4 GETADDRESS@F22DCL_SYSTEM_RUNTIME_DLLsb
  408BA0 KILL@F22DCL_SYSTEM_RUNTIME_DLL
  408CA4 ISINITIALIZED@F22DCL_SYSTEM_RUNTIME_DLL
  408CC8 INIT@F22DCL_SYSTEM_RUNTIME_DLLsbUc
  408ED0 DESTRUCT@F22DCL_SYSTEM_RUNTIME_DLL
  408F30 CONSTRUCT@F22DCL_SYSTEM_RUNTIME_DLL
  409384 __thr_inst0
  40A024 TYPE$COLORMAP
  40A050 TCB$COLORMAP
  40A07C STDERRORFILE$TYPE$RECORD
  40A094 $STDERRORFILE
  40A0E4 TYPE$UNTHREADEDFILEOPENERMAP
  40A108 TCB$UNTHREADEDFILEOPENERMAP
  40A118 TYPE$FILESMANAGER
  40A15C VMT$FILESMANAGER
  40A168 TYPE$FILEMAPPING_T
  40A194 TYPE$FILEMAPPING_R
  40A1C4 TYPE$STATUSQ_T
  40A26C TYPE$WINDOWRESIZECLASS
  40A578 TYPE$INICLASS
  40A5C0 VMT$INICLASS
  40AB30 TYPE$CRITICALSECTION
  40AB48 VMT$CRITICALSECTION
  40AB54 TYPE$CRITICALPROCEDURE
  40AB6C VMT$CRITICALPROCEDURE
  40AEA0 TYPE$DCL_CLARIONTEST_TESTRUNNER
  40AED4 VMT$DCL_CLARIONTEST_TESTRUNNER
  40B008 TYPE$DCL_SYSTEM_RUNTIME_DIRECTORYWATCHER
  40B418 EXEFILE$TYPE$EXE:RECORD
  40BC2C $EXEFILE
  40BC78 TXTFILE$TYPE$TXT:RECORD
  40BC94 $TXTFILE
  40BCE0 LIBFILE$TYPE$LIB:RECORD
  40BD78 $LIBFILE
  40BDC4 TYPE$ADDRESSQTYPE
  40BDEC TYPE$DCL_SYSTEM_RUNTIME_DLL
  40BE7C VMT$DCL_SYSTEM_RUNTIME_DLL
  40C154 VMTP$DCL_SYSTEM_RUNTIME_DLL
  40C15C VMTP$DCL_CLARIONTEST_TESTRUNNER
  40C16C VMTP$FILESMANAGER
  40C174 VMTP$INICLASS
  40C17C VMTP$CRITICALSECTION
  40C184 VMTP$CRITICALPROCEDURE
  40C190 $COLORMAP
  40C1C8 $MULTIWINDOW
  40C1CC $TXTWINDOW
  40C1D0 $WINDOW
  40C1D4 STDERRORFILE$RECORD
  40C5D4 $UNTHREADEDFILEOPENERMAP
  40C5DC $CREATEOPENERCRIT
  40C6E8 $SETTINGS
  40C800 CLARIONTEST_MAIN$LOGGER
  40C8A8 $LOGGER
  40C8E0 $LOG
  40C918 $FILENAMEVARIABLE
  40CB20 EXEFILE$EXE:RECORD
  40CF20 TXTFILE$TXT:RECORD
  40D020 LIBFILE$LIB:RECORD
  40D420 MEMOS$LIBFILE
  40E0A0 $FILESMANAGER
  40E0B8 $SZDBTEXTLOG
  40F000 __import_section_start
  4100E4 __import_section_end

Imports
ClaASC.dll:ASCII 40F080
ClaDOS.dll:DOS 40F090
ClaRUN.dll:Cla$ACCEPTED 40F278,401000
ClaRUN.dll:Cla$ADDqueue 40F27C
ClaRUN.dll:Cla$ADDqueuekey 40F280,401008
ClaRUN.dll:Cla$AssertFailed 40F284
ClaRUN.dll:Cla$AssertFailedM 40F288
ClaRUN.dll:Cla$AssignRefUfo 40F28C
ClaRUN.dll:Cla$CLEAR 40F290
ClaRUN.dll:Cla$CLEARqueue 40F294
ClaRUN.dll:Cla$clearstr 40F298
ClaRUN.dll:Cla$CLOCK 40F29C,401010
ClaRUN.dll:Cla$CLOSEwindow 40F2A0,401018
ClaRUN.dll:Cla$code 40F2A4
ClaRUN.dll:Cla$COMMAND 40F2A8,401020
ClaRUN.dll:Cla$comparestr 40F2AC
ClaRUN.dll:Cla$DecAdd 40F2B0
ClaRUN.dll:Cla$DecCompareN 40F2B4
ClaRUN.dll:Cla$DecDistinct 40F2B8
ClaRUN.dll:Cla$DecDivide 40F2BC
ClaRUN.dll:Cla$DecMul 40F2C0
ClaRUN.dll:Cla$DecSub 40F2C4
ClaRUN.dll:Cla$DecSubR 40F2C8
ClaRUN.dll:Cla$DELETEREG 40F2CC,401028
ClaRUN.dll:Cla$DISPLAY 40F2D0,401030
ClaRUN.dll:Cla$DISPOSEqueue 40F2D4
ClaRUN.dll:Cla$DISPOSEref 40F2D8
ClaRUN.dll:Cla$Dlongpower 40F2DC
ClaRUN.dll:Cla$DPopDec 40F2E0
ClaRUN.dll:Cla$DPopLong 40F2E4
ClaRUN.dll:Cla$DPopReal 40F2E8
ClaRUN.dll:Cla$DPopUlong 40F2EC
ClaRUN.dll:Cla$DPushDec 40F2F0
ClaRUN.dll:Cla$DPushLong 40F2F4
ClaRUN.dll:Cla$DPushULong 40F2F8
ClaRUN.dll:Cla$DStack2Stack 40F2FC
ClaRUN.dll:Cla$EndEventLoop 40F300
ClaRUN.dll:Cla$ERRORCODE 40F304,401038
ClaRUN.dll:Cla$EVENT 40F308,401040
ClaRUN.dll:Cla$FILEDIALOG 40F30C,401048
ClaRUN.dll:Cla$FileExists 40F310,401050
ClaRUN.dll:Cla$FILE_CLOSE 40F314,401058
ClaRUN.dll:CLA$FILE_DESTROY 40F318
ClaRUN.dll:Cla$FILE_GETflu 40F31C
ClaRUN.dll:Cla$FILE_OPEN 40F320,401060
ClaRUN.dll:Cla$FREEqueue 40F324
ClaRUN.dll:Cla$FREEqueuea 40F328,401068
ClaRUN.dll:Cla$freestr 40F32C
ClaRUN.dll:Cla$FreeUfo 40F330
ClaRUN.dll:Cla$freewindow 40F334
ClaRUN.dll:Cla$GETINI 40F338,401070
ClaRUN.dll:Cla$GETPOSITION 40F33C,401078
ClaRUN.dll:Cla$GetPropS 40F340
ClaRUN.dll:Cla$GETqueuekey 40F344,401080
ClaRUN.dll:Cla$GETqueueptr 40F348
ClaRUN.dll:Cla$GETREG 40F34C,401088
ClaRUN.dll:Cla$init 40F350
ClaRUN.dll:Cla$LASTFIELD 40F354,401090
ClaRUN.dll:Cla$LONGPATH 40F358,401098
ClaRUN.dll:Cla$Mem2Ufo 40F35C
ClaRUN.dll:Cla$MessageBox 40F360,4010A0
ClaRUN.dll:Cla$NewMemT 40F364
ClaRUN.dll:Cla$NEWqueue 40F368
ClaRUN.dll:Cla$NOTIFICATION 40F36C,4010A8
ClaRUN.dll:Cla$NOTIFY 40F370,4010B0
ClaRUN.dll:Cla$OPENwindow 40F374,4010B8
ClaRUN.dll:Cla$PopCString 40F378
ClaRUN.dll:Cla$PopString 40F37C
ClaRUN.dll:Cla$PopTemp 40F380
ClaRUN.dll:Cla$POST 40F384,4010C0
ClaRUN.dll:Cla$PushCString 40F388
ClaRUN.dll:Cla$PushLong 40F38C
ClaRUN.dll:Cla$PushReal 40F390
ClaRUN.dll:Cla$PushString 40F394
ClaRUN.dll:Cla$PushUfo 40F398
ClaRUN.dll:Cla$PUTINI 40F39C,4010C8
ClaRUN.dll:Cla$PUTqueue 40F3A0
ClaRUN.dll:Cla$PUTqueuekey 40F3A4,4010D0
ClaRUN.dll:Cla$PUTREG 40F3A8,4010D8
ClaRUN.dll:Cla$pwopen 40F3AC,4010E0
ClaRUN.dll:Cla$realdistinct 40F3B0
ClaRUN.dll:Cla$RECORDSqueue 40F3B4,4010E8
ClaRUN.dll:Cla$REGISTEREVENT 40F3B8,4010F0
ClaRUN.dll:Cla$RESUME 40F3BC,4010F8
ClaRUN.dll:Cla$SETCURSOR 40F3C0,401100
ClaRUN.dll:Cla$SETPATH 40F3C4,401108
ClaRUN.dll:Cla$SETPOSITION 40F3C8,401110
ClaRUN.dll:Cla$SetPropS 40F3CC
ClaRUN.dll:Cla$SetPropV 40F3D0
ClaRUN.dll:Cla$SORTqueuekey 40F3D4,401118
ClaRUN.dll:Cla$Stack2DStack 40F3D8
ClaRUN.dll:Cla$Stack2Ufo 40F3DC
ClaRUN.dll:Cla$StackCLIP 40F3E0,401120
ClaRUN.dll:Cla$StackCompareN 40F3E4
ClaRUN.dll:Cla$StackCompareNEQ 40F3E8
ClaRUN.dll:Cla$StackConcat 40F3EC
ClaRUN.dll:Cla$StackConcatR 40F3F0
ClaRUN.dll:Cla$StackErrstr 40F3F4,401128
ClaRUN.dll:Cla$StackHeap 40F3F8
ClaRUN.dll:Cla$StackINSTRING 40F3FC,401130
ClaRUN.dll:Cla$StackLEFT 40F400,401138
ClaRUN.dll:Cla$StackLen 40F404,401140
ClaRUN.dll:Cla$StackRotate 40F408
ClaRUN.dll:Cla$StackSUB 40F40C,401148
ClaRUN.dll:Cla$StackUPPER 40F410,401150
ClaRUN.dll:Cla$START1 40F414,401158
ClaRUN.dll:Cla$StartEventLoop 40F418
ClaRUN.dll:Cla$StashBP 40F41C
ClaRUN.dll:Cla$storecstr 40F420
ClaRUN.dll:Cla$storestr 40F424
ClaRUN.dll:Cla$THREAD 40F428,401160
ClaRUN.dll:NewCriticalSection 40F42C,401168
ClaRUN.dll:THR$GetInstance 40F430,401170
ClaRUN.dll:_exit 40F434,401178
ClaRUN.dll:_free 40F438
ClaRUN.dll:_malloc 40F43C
ClaRUN.dll:__a_chkstk 40F440,401180
ClaRUN.dll:__e_index 40F444,401188
ClaRUN.dll:__e_stack 40F448,401190
ClaRUN.dll:__sysinit 40F44C,401198
ClaRUN.dll:__sysstart 40F450,4011A0
DevRoadmapsClarion:ASSIGN@F17DCL_SYSTEM_STRINGsb 40F480
DevRoadmapsClarion:DESTRUCT@F17DCL_SYSTEM_STRING 40F484
DevRoadmapsClarion:LASTINDEXOF@F17DCL_SYSTEM_STRINGsb 40F488
DevRoadmapsClarion:LENGTH@F17DCL_SYSTEM_STRING 40F48C
DevRoadmapsClarion:SUBSTRING@F17DCL_SYSTEM_STRINGll 40F490
DevRoadmapsClarion:TYPE$DCL_SYSTEM_STRING 40F494
DevRoadmapsClarion:VMT$DCL_SYSTEM_DIAGNOSTICS_LOGGER 40F498
DevRoadmapsClarion:VMT$DCL_SYSTEM_STRING 40F49C
DevRoadmapsClarion:WRITE@F29DCL_SYSTEM_DIAGNOSTICS_LOGGERsb 40F4A0
KERNEL32.dll:CloseHandle 40F4D8,4011A8
KERNEL32.dll:CreateEventA 40F4DC,4011B0
KERNEL32.dll:FindCloseChangeNotification 40F4E0,4011B8
KERNEL32.dll:FindFirstChangeNotificationA 40F4E4,4011C0
KERNEL32.dll:FindNextChangeNotification 40F4E8,4011C8
KERNEL32.dll:FreeLibrary 40F4EC,4011D0
KERNEL32.dll:GetLastError 40F4F0,4011D8
KERNEL32.dll:GetProcAddress 40F4F4,4011E0
KERNEL32.dll:LoadLibraryA 40F4F8,4011E8
KERNEL32.dll:SetEvent 40F4FC,4011F0
KERNEL32.dll:WaitForMultipleObjects 40F500,4011F8



Entry Point:   408F8C