  401078      9EB Code                DLLTUTOR001_TEXT
  401A64      13C Code                DLLTUTOR_TEXT
  401BA0       2D Code                IEXE32_TEXT
  401BD0      100 Code                INIT_TEXT
  401CD0       1A Code                INST00_TEXT
  402000       55 Initialized Data    DLLTUTOR001_CONST
  402058      518 Initialized Data    DLLTUTOR001_DATA
  402570        E Initialized Data    DLLTUTOR_CONST
  402580       3C Initialized Data    IEXE32_DATA
  4025BC        0 Initialized Data    __CPPINI_CONS
  4025BC       38 Initialized Data    __CPPINI_CONST
  4025F4        4 Initialized Data    __CPPINI_END
  4025F8        0 Initialized Data    __INIVMT_CONS
  4025F8       10 Initialized Data    __INIVMT_CONST
  402608        0 Initialized Data    __INIVMT_CONST_END
  402610     1778 Un-initialized Data DLLTUTOR_BSS
  404000        8 __T_L_S__DAT
  404008        0 __T_L_S__DATA_END
  404010        0 __T_L_S__BS
  404010      71E __T_L_S__BSS
  404730        0 __T_L_S__BSS_END

  4013C8 DLLTUTOR001$SPLASHSCREEN@F
  40199C MAIN@F
  401A64 _main
  401CD0 __thr_inst0
  401CE0 __thr_inst1
  402610 $FUZZYMATCHER
  403C34 $GLOBALERRORS
  403C68 $INIMGR
  403D80 $LCURRENTFDSETTING
  403D84 $LADJFDSETTING
  404010 $GLOBALERRORSTATUS
  405000 __import_section_start
  405DB8 __import_section_end

Imports
ALLFILES:$GLOBALREQUEST 405154
ALLFILES:$GLOBALRESPONSE 405158
ALLFILES:$VCRREQUEST 40515C
ALLFILES:ADDITEM@F13WINDOWMANAGER12TOOLBARCLASS 405160
ALLFILES:ALLFILES:INIT@F10ERRORCLASS8INICLASS 405164
ALLFILES:ALLFILES:KILL@F 405168
ALLFILES:ASK@F13WINDOWMANAGER 40516C
ALLFILES:CHANGEACTION@F13WINDOWMANAGER 405170
ALLFILES:CONSTRUCT@F10ERRORCLASS 405174
ALLFILES:CONSTRUCT@F10FUZZYCLASS 405178
ALLFILES:CONSTRUCT@F16ERRORSTATUSCLASS 40517C
ALLFILES:CONSTRUCT@F8INICLASS 405180
ALLFILES:DELETEACTION@F13WINDOWMANAGER 405184
ALLFILES:DESTRUCT@F16ERRORSTATUSCLASS 405188
ALLFILES:INIT@F10ERRORCLASS16ERRORSTATUSCLASS 40518C
ALLFILES:INIT@F10FUZZYCLASS 405190
ALLFILES:INIT@F13WINDOWMANAGER 405194
ALLFILES:INIT@F8INICLASSsbll 405198
ALLFILES:INSERTACTION@F13WINDOWMANAGER 40519C
ALLFILES:KILL@F10FUZZYCLASS 4051A0
ALLFILES:KILL@F13WINDOWMANAGER 4051A4
ALLFILES:KILL@F8INICLASS 4051A8
ALLFILES:OPEN@F13WINDOWMANAGER 4051AC
ALLFILES:OPEN@F13WINDOWMANAGERBwBw 4051B0
ALLFILES:PRIMEFIELDS@F13WINDOWMANAGER 4051B4
ALLFILES:PRIMEUPDATE@F13WINDOWMANAGER 4051B8
ALLFILES:RESET@F13WINDOWMANAGERUc 4051BC
ALLFILES:RESTOREFIELD@F13WINDOWMANAGERl 4051C0
ALLFILES:RUN@F13WINDOWMANAGER 4051C4
ALLFILES:RUN@F13WINDOWMANAGERUsUc 4051C8
ALLFILES:SAVEONCHANGEACTION@F13WINDOWMANAGER 4051CC
ALLFILES:SAVEONINSERTACTION@F13WINDOWMANAGER 4051D0
ALLFILES:SETALERTS@F13WINDOWMANAGER 4051D4
ALLFILES:SETOPTION@F10FUZZYCLASSUcUc 4051D8
ALLFILES:SETPROCEDURENAME@F10ERRORCLASSOsb 4051DC
ALLFILES:SETRESPONSE@F13WINDOWMANAGERUc 4051E0
ALLFILES:TAKEACCEPTED@F13WINDOWMANAGER 4051E4
ALLFILES:TAKECLOSEEVENT@F13WINDOWMANAGER 4051E8
ALLFILES:TAKECOMPLETED@F13WINDOWMANAGER 4051EC
ALLFILES:TAKEDISABLEBUTTON@F13WINDOWMANAGERlUc 4051F0
ALLFILES:TAKEEVENT@F13WINDOWMANAGER 4051F4
ALLFILES:TAKEFIELDEVENT@F13WINDOWMANAGER 4051F8
ALLFILES:TAKENEWSELECTION@F13WINDOWMANAGER 4051FC
ALLFILES:TAKENOTIFY@F13WINDOWMANAGERlll 405200
ALLFILES:TAKEREJECTED@F13WINDOWMANAGER 405204
ALLFILES:TAKESELECTED@F13WINDOWMANAGER 405208
ALLFILES:TAKEWINDOWEVENT@F13WINDOWMANAGER 40520C
ALLFILES:TYPE$TOOLBARCLASS 405210
ALLFILES:UPDATE@F13WINDOWMANAGER 405214
ALLFILES:VMT$ERRORCLASS 405218
ALLFILES:VMT$ERRORSTATUSCLASS 40521C
ALLFILES:VMT$FUZZYCLASS 405220
ALLFILES:VMT$INICLASS 405224
ALLFILES:VMT$TOOLBARCLASS 405228
C70RUN.dll:Cla$ACCEPTED 4052AC,401000
C70RUN.dll:Cla$CLEAR 4052B0
C70RUN.dll:Cla$code 4052B4
C70RUN.dll:Cla$DecDistinct 4052B8
C70RUN.dll:Cla$DPopLong 4052BC
C70RUN.dll:Cla$DPushLong 4052C0
C70RUN.dll:Cla$EVENT 4052C4,401008
C70RUN.dll:Cla$freewindow 4052C8
C70RUN.dll:Cla$GetPropS 4052CC
C70RUN.dll:Cla$init 4052D0
C70RUN.dll:Cla$KEYCODE 4052D4,401010
C70RUN.dll:Cla$paopen 4052D8,401018
C70RUN.dll:Cla$pmopen 4052DC,401020
C70RUN.dll:Cla$POST 4052E0,401028
C70RUN.dll:Cla$PushLong 4052E4
C70RUN.dll:Cla$PushString 4052E8
C70RUN.dll:Cla$SetPropS 4052EC
C70RUN.dll:Cla$Stack2DStack 4052F0
C70RUN.dll:Cla$START 4052F4,401030
C70RUN.dll:Cla$StashBP 4052F8
C70RUN.dll:Cla$THREAD 4052FC,401038
C70RUN.dll:THR$GetInstance 405300,401040
C70RUN.dll:Wsl$CloseDown 405304,401048
C70RUN.dll:_exit 405308,401050
C70RUN.dll:_free 40530C
C70RUN.dll:_malloc 405310
C70RUN.dll:__a_chkstk 405314,401058
C70RUN.dll:__e_stack 405318,401060
C70RUN.dll:__sysinit 40531C,401068
C70RUN.dll:__sysstart 405320,401070
REPORTS:CUSTINVOICEREPORT@F 405340
REPORTS:CUSTREPORT@F 405344
REPORTS:INVOICEREPORT@F 405348
REPORTS:REPORTS:INIT@F10ERRORCLASS8INICLASS 40534C
REPORTS:REPORTS:KILL@F 405350
UPDATES:UPDATES:INIT@F10ERRORCLASS8INICLASS 405370
UPDATES:UPDATES:KILL@F 405374
UPDATES:VIEWCUSTOMERS@F 405378
UPDATES:VIEWORDERS@F 40537C
UPDATES:VIEWPRODUCTS@F 405380
USER32.dll:SystemParametersInfoA 405390



Entry Point:   401BA0