  401050       4F Code                IDLL32_TEXT
  4010A0      1B8 Code                INIT_TEXT
  401258       43 Code                INST00_TEXT
  40129C     15A6 Code                REPORTS001_TEXT
  402844      228 Code                REPORTS_TEXT
  403000       3C Initialized Data    IDLL32_DATA
  40303C      18F Initialized Data    REPORTS001_CONST
  4031CC     1234 Initialized Data    REPORTS001_DATA
  404400        D Initialized Data    REPORTS_CONST
  404410       1C Initialized Data    REPORTS_DATA
  40442C        0 Initialized Data    __CPPINI_CONS
  40442C       38 Initialized Data    __CPPINI_CONST
  404464        4 Initialized Data    __CPPINI_END
  404468        0 Initialized Data    __INIVMT_CONS
  404468       38 Initialized Data    __INIVMT_CONST
  4044A0        0 Initialized Data    __INIVMT_CONST_END
  4044A0     1781 Un-initialized Data REPORTS_BSS
  406000        8 __T_L_S__DAT
  406008       84 __T_L_S__DATA
  40608C        0 __T_L_S__DATA_END
  406090        0 __T_L_S__BS
  406090      738 __T_L_S__BSS
  4067C8        0 __T_L_S__BSS_END

  401258 __thr_inst0
  401268 __thr_inst1
  401274 __thr_init_entry
  401294 __thr_init_exit
  401774 CUSTINVOICEREPORT@F
  401ED8 INVOICEREPORT@F
  402618 CUSTREPORT@F
  402844 DESTRUCT@F14DLLINITIALIZER
  40288C CONSTRUCT@F14DLLINITIALIZER
  402934 REPORTS:KILL@F
  402968 REPORTS:INIT@F10ERRORCLASS8INICLASS
  404410 TYPE$DLLINITIALIZER
  404420 VMT$DLLINITIALIZER
  404468 VMTP$DLLINITIALIZER
  4044A0 $FUZZYMATCHER
  405AC4 $LOCALERRORS
  405AF8 $LOCALINIMGR
  405C10 $DLLINITIALIZER
  405C14 $INIMGR
  405C18 $GLOBALERRORS
  406090 $LOCALERRORSTATUS
  408000 __import_section_start
  4097B4 __import_section_end

Imports
ALLFILES:$ACCESS:CUSTOMER 408248
ALLFILES:$ACCESS:DETAIL 40824C
ALLFILES:$ACCESS:ORDERS 408250
ALLFILES:$ACCESS:PHONES 408254
ALLFILES:$ACCESS:PRODUCTS 408258
ALLFILES:$CUSTOMER 40825C
ALLFILES:$GLOBALREQUEST 408260
ALLFILES:$GLOBALRESPONSE 408264
ALLFILES:$RELATE:CUSTOMER 408268
ALLFILES:$VCRREQUEST 40826C
ALLFILES:ADDITEM@F13WINDOWMANAGERlUc 408270
ALLFILES:ADDRANGE@F11VIEWMANAGERRu 408274
ALLFILES:ADDSORTORDER@F11VIEWMANAGERBk 408278
ALLFILES:ALLFILES:INIT@F10ERRORCLASS8INICLASS 40827C
ALLFILES:ALLFILES:KILL@F 408280
ALLFILES:APPENDORDER@F11VIEWMANAGERsb 408284
ALLFILES:APPLYFILTER@F11VIEWMANAGER 408288
ALLFILES:APPLYORDER@F11VIEWMANAGER 40828C
ALLFILES:APPLYRANGE@F11VIEWMANAGER 408290
ALLFILES:ASK@F13REPORTMANAGER 408294
ALLFILES:ASKPREVIEW@F13REPORTMANAGER 408298
ALLFILES:CANCELPRINTREPORT@F13REPORTMANAGER 40829C
ALLFILES:CHANGEACTION@F13WINDOWMANAGER 4082A0
ALLFILES:CHILDPROCESSINGEND@F12PROCESSCLASSUs 4082A4
ALLFILES:CHILDPROCESSINGSTART@F12PROCESSCLASSUs 4082A8
ALLFILES:CLEARFILESRECORD@F11VIEWMANAGER 4082AC
ALLFILES:CLOSE@F11VIEWMANAGER 4082B0
ALLFILES:CLOSE@F11VIEWMANAGERUc 4082B4
ALLFILES:CONSTRUCT@F10ERRORCLASS 4082B8
ALLFILES:CONSTRUCT@F10FUZZYCLASS 4082BC
ALLFILES:CONSTRUCT@F16ERRORSTATUSCLASS 4082C0
ALLFILES:CONSTRUCT@F8INICLASS 4082C4
ALLFILES:CUSTOMER$CUS:KEYCUSTNUMBER 4082C8
ALLFILES:CUSTOMER$CUS:RECORD 4082CC
ALLFILES:DELETEACTION@F13WINDOWMANAGER 4082D0
ALLFILES:DESTRUCT@F11VIEWMANAGER 4082D4
ALLFILES:DESTRUCT@F16ERRORSTATUSCLASS 4082D8
ALLFILES:DETAIL$DTL:KEYORDERNUMBER 4082DC
ALLFILES:DETAIL$DTL:RECORD 4082E0
ALLFILES:ENDREPORT@F13REPORTMANAGER 4082E4
ALLFILES:FETCH@F8INICLASSsbBw 4082E8
ALLFILES:GETFREEELEMENTASCENDING@F11VIEWMANAGER 4082EC
ALLFILES:GETFREEELEMENTNAME@F11VIEWMANAGER 4082F0
ALLFILES:GETFREEELEMENTPOSITION@F11VIEWMANAGER 4082F4
ALLFILES:GETUSEMRP@F13REPORTMANAGER 4082F8
ALLFILES:INIT@F10ERRORCLASS16ERRORSTATUSCLASS 4082FC
ALLFILES:INIT@F10FUZZYCLASS 408300
ALLFILES:INIT@F12PROCESSCLASSBi15RELATIONMANAGERlPUc9STEPCLASSRu 408304
ALLFILES:INIT@F13REPORTMANAGER12PROCESSCLASSBr17PRINTPREVIEWCLASS 408308
ALLFILES:INIT@F13WINDOWMANAGER 40830C
ALLFILES:INIT@F8INICLASSsbll 408310
ALLFILES:INIT@F9STEPCLASSUc 408314
ALLFILES:INSERTACTION@F13WINDOWMANAGER 408318
ALLFILES:KILL@F10FUZZYCLASS 40831C
ALLFILES:KILL@F12PROCESSCLASS 408320
ALLFILES:KILL@F13REPORTMANAGER 408324
ALLFILES:KILL@F8INICLASS 408328
ALLFILES:NEXT@F11VIEWMANAGER 40832C
ALLFILES:NEXT@F12PROCESSCLASSUc 408330
ALLFILES:NEXT@F13REPORTMANAGER 408334
ALLFILES:OPEN@F11VIEWMANAGER 408338
ALLFILES:OPEN@F13REPORTMANAGER 40833C
ALLFILES:OPEN@F13WINDOWMANAGERBwBw 408340
ALLFILES:OPENREPORT@F13REPORTMANAGER 408344
ALLFILES:ORDERS$ORD:KEYCUSTNUMBER 408348
ALLFILES:ORDERS$ORD:RECORD 40834C
ALLFILES:PREVIOUS@F11VIEWMANAGER 408350
ALLFILES:PRIMEFIELDS@F13WINDOWMANAGER 408354
ALLFILES:PRIMERECORD@F11VIEWMANAGERUc 408358
ALLFILES:PRIMEUPDATE@F13WINDOWMANAGER 40835C
ALLFILES:PRINTREPORT@F13REPORTMANAGER 408360
ALLFILES:PROCESSRESULTFILES@F13REPORTMANAGER15OUTPUTFILEQUEUE 408364
ALLFILES:PRODUCTS$PRD:KEYPRODNUMBER 408368
ALLFILES:PRODUCTS$PRD:RECORD 40836C
ALLFILES:RESET@F11VIEWMANAGERUc 408370
ALLFILES:RESET@F12PROCESSCLASS 408374
ALLFILES:RESET@F13WINDOWMANAGERUc 408378
ALLFILES:RESTOREBUFFERS@F11VIEWMANAGER 40837C
ALLFILES:RESTOREFIELD@F13WINDOWMANAGERl 408380
ALLFILES:RUN@F13WINDOWMANAGER 408384
ALLFILES:RUN@F13WINDOWMANAGERUsUc 408388
ALLFILES:SAVEBUFFERS@F11VIEWMANAGER 40838C
ALLFILES:SAVEONCHANGEACTION@F13WINDOWMANAGER 408390
ALLFILES:SAVEONINSERTACTION@F13WINDOWMANAGER 408394
ALLFILES:SETALERTS@F13WINDOWMANAGER 408398
ALLFILES:SETDYNAMICCONTROLSATTRIBUTES@F13REPORTMANAGER 40839C
ALLFILES:SETERRORS@F11FILEMANAGER10ERRORCLASS 4083A0
ALLFILES:SETFILTER@F11VIEWMANAGERsb 4083A4
ALLFILES:SETFILTER@F11VIEWMANAGERsbsb 4083A8
ALLFILES:SETINIMANAGER@F17PRINTPREVIEWCLASS8INICLASS 4083AC
ALLFILES:SETOPTION@F10FUZZYCLASSUcUc 4083B0
ALLFILES:SETORDER@F11VIEWMANAGERsb 4083B4
ALLFILES:SETPROCEDURENAME@F10ERRORCLASSOsb 4083B8
ALLFILES:SETRESPONSE@F13WINDOWMANAGERUc 4083BC
ALLFILES:SETSORT@F11VIEWMANAGERUc 4083C0
ALLFILES:SETSTATICCONTROLSATTRIBUTES@F13REPORTMANAGER 4083C4
ALLFILES:SETUSEMRP@F13REPORTMANAGERUc 4083C8
ALLFILES:TAKEACCEPTED@F12PROCESSCLASS 4083CC
ALLFILES:TAKEACCEPTED@F13REPORTMANAGER 4083D0
ALLFILES:TAKECLOSEEVENT@F13REPORTMANAGER 4083D4
ALLFILES:TAKECOMPLETED@F13WINDOWMANAGER 4083D8
ALLFILES:TAKEDISABLEBUTTON@F13WINDOWMANAGERlUc 4083DC
ALLFILES:TAKEEVENT@F13WINDOWMANAGER 4083E0
ALLFILES:TAKEFIELDEVENT@F13WINDOWMANAGER 4083E4
ALLFILES:TAKELOCATE@F12PROCESSCLASS 4083E8
ALLFILES:TAKENEWSELECTION@F13WINDOWMANAGER 4083EC
ALLFILES:TAKENORECORDS@F13REPORTMANAGER 4083F0
ALLFILES:TAKENOTIFY@F13WINDOWMANAGERlll 4083F4
ALLFILES:TAKERECORD@F12PROCESSCLASS 4083F8
ALLFILES:TAKERECORD@F13REPORTMANAGER 4083FC
ALLFILES:TAKEREJECTED@F13WINDOWMANAGER 408400
ALLFILES:TAKESELECTED@F13WINDOWMANAGER 408404
ALLFILES:TAKEWINDOWEVENT@F13REPORTMANAGER 408408
ALLFILES:TYPE$PRINTPREVIEWCLASS 40840C
ALLFILES:TYPE$STEPLONGCLASS 408410
ALLFILES:UPDATE@F13WINDOWMANAGER 408414
ALLFILES:UPDATE@F8INICLASSsbBw 408418
ALLFILES:UPDATEDISPLAY@F12PROCESSCLASS 40841C
ALLFILES:VALIDATERECORD@F11VIEWMANAGER 408420
ALLFILES:VMT$ERRORCLASS 408424
ALLFILES:VMT$ERRORSTATUSCLASS 408428
ALLFILES:VMT$FUZZYCLASS 40842C
ALLFILES:VMT$INICLASS 408430
ALLFILES:VMT$PRINTPREVIEWCLASS 408434
ALLFILES:VMT$STEPLONGCLASS 408438
C70RUN.dll:Cla$CLEAR 4084B4
C70RUN.dll:Cla$DecMul 4084B8
C70RUN.dll:Cla$DPopDec 4084BC
C70RUN.dll:Cla$DPushDec 4084C0
C70RUN.dll:Cla$DPushLong 4084C4
C70RUN.dll:Cla$FILE_CLOSE 4084C8
C70RUN.dll:Cla$FreeUfo 4084CC
C70RUN.dll:Cla$freewindow 4084D0
C70RUN.dll:Cla$init 4084D4
C70RUN.dll:Cla$Mem2Ufo 4084D8
C70RUN.dll:Cla$PRINTreport 4084DC
C70RUN.dll:Cla$propen 4084E0,401000
C70RUN.dll:Cla$PushLong 4084E4
C70RUN.dll:Cla$PushString 4084E8
C70RUN.dll:Cla$pwopen 4084EC,401008
C70RUN.dll:Cla$rterr 4084F0,401010
C70RUN.dll:Cla$SetPropS 4084F4
C70RUN.dll:Cla$StashBP 4084F8
C70RUN.dll:THR$GetInstance 4084FC,401018
C70RUN.dll:VIEWDRIVER 408500
C70RUN.dll:_free 408504
C70RUN.dll:_malloc 408508
C70RUN.dll:__a_chkstk 40850C,401020
C70RUN.dll:__e_stack 408510,401028
C70RUN.dll:__sysinit 408514,401030
C70RUN.dll:__systerm 408518,401038
C70RUN.dll:__systhrinit 40851C,401040
C70RUN.dll:__systhrterm 408520,401048
UPDATES:UPDATES:INIT@F10ERRORCLASS8INICLASS 408538
UPDATES:UPDATES:KILL@F 40853C
UPDATES:VIEWCUSTOMERS@F 408540



Entry Point:   401070