  4010C0       4F Code                IDLL32_TEXT
  401110      264 Code                INIT_TEXT
  401374       43 Code                INST00_TEXT
  4013B8     5804 Code                UPDATES001_TEXT
  406BBC      218 Code                UPDATES_TEXT
  407000       3C Initialized Data    IDLL32_DATA
  40703C      387 Initialized Data    UPDATES001_CONST
  4073C4     3C31 Initialized Data    UPDATES001_DATA
  40AFF8        D Initialized Data    UPDATES_CONST
  40B008       1C Initialized Data    UPDATES_DATA
  40B024        0 Initialized Data    __CPPINI_CONS
  40B024       38 Initialized Data    __CPPINI_CONST
  40B05C        4 Initialized Data    __CPPINI_END
  40B060        0 Initialized Data    __INIVMT_CONS
  40B060       A8 Initialized Data    __INIVMT_CONST
  40B108        0 Initialized Data    __INIVMT_CONST_END
  40B110     1781 Un-initialized Data UPDATES_BSS
  40D000        8 __T_L_S__DAT
  40D008      10C __T_L_S__DATA
  40D114        0 __T_L_S__DATA_END
  40D120        0 __T_L_S__BS
  40D120      848 __T_L_S__BSS
  40D968        0 __T_L_S__BSS_END

  401374 __thr_inst0
  401384 __thr_inst1
  401390 __thr_init_entry
  4013B0 __thr_init_exit
  401890 UPDATES001$SINGLEINVOICEREPORT@F
  403108 UPDATES001$UPDATEORDER@F
  403A48 UPDATES001$UPDATEPRODUCT@F
  4044CC UPDATES001$UPDATECUSTOMER@F
  404F34 VIEWPRODUCTS@F
  405CC4 VIEWORDERS@F
  4068F4 VIEWCUSTOMERS@F
  406BBC DESTRUCT@F14DLLINITIALIZER
  406C04 CONSTRUCT@F14DLLINITIALIZER
  406CAC UPDATES:KILL@F
  406CDC UPDATES:INIT@F10ERRORCLASS8INICLASS
  40B008 TYPE$DLLINITIALIZER
  40B018 VMT$DLLINITIALIZER
  40B060 VMTP$DLLINITIALIZER
  40B110 $FUZZYMATCHER
  40C734 $LOCALERRORS
  40C768 $LOCALINIMGR
  40C880 $DLLINITIALIZER
  40C884 $INIMGR
  40C888 $GLOBALERRORS
  40D120 $LOCALERRORSTATUS
  40F000 __import_section_start
  411F30 __import_section_end

Imports
ALLFILES:$ACCESS:CUSTOMER 40F420
ALLFILES:$ACCESS:DETAIL 40F424
ALLFILES:$ACCESS:ORDERS 40F428
ALLFILES:$ACCESS:PHONES 40F42C
ALLFILES:$ACCESS:PRODUCTS 40F430
ALLFILES:$CUSTOMER 40F434
ALLFILES:$DETAIL 40F438
ALLFILES:$GLOBALREQUEST 40F43C
ALLFILES:$GLOBALRESPONSE 40F440
ALLFILES:$ORDERS 40F444
ALLFILES:$PHONES 40F448
ALLFILES:$PRODUCTS 40F44C
ALLFILES:$RELATE:CUSTOMER 40F450
ALLFILES:$RELATE:DETAIL 40F454
ALLFILES:$RELATE:ORDERS 40F458
ALLFILES:$RELATE:PHONES 40F45C
ALLFILES:$RELATE:PRODUCTS 40F460
ALLFILES:$VCRREQUEST 40F464
ALLFILES:ADDEDITCONTROL@F11BROWSECLASS9EDITCLASSlUc 40F468
ALLFILES:ADDFIELD@F11BROWSECLASSRlRl 40F46C
ALLFILES:ADDFIELD@F11BROWSECLASSRsbRsb 40F470
ALLFILES:ADDFIELD@F11BROWSECLASSRuRu 40F474
ALLFILES:ADDHISTORYFIELD@F13WINDOWMANAGERll 40F478
ALLFILES:ADDHISTORYFILE@F13WINDOWMANAGERRgRg 40F47C
ALLFILES:ADDITEM@F13WINDOWMANAGER12TOOLBARCLASS 40F480
ALLFILES:ADDITEM@F13WINDOWMANAGER17WINDOWRESIZECLASS 40F484
ALLFILES:ADDITEM@F13WINDOWMANAGER18TOOLBARUPDATECLASS 40F488
ALLFILES:ADDITEM@F13WINDOWMANAGERlUc 40F48C
ALLFILES:ADDITEMMIMIC@F10POPUPCLASSsblOsb 40F490
ALLFILES:ADDLOCATOR@F11BROWSECLASS12LOCATORCLASS 40F494
ALLFILES:ADDRANGE@F11VIEWMANAGERRu 40F498
ALLFILES:ADDRANGE@F11VIEWMANAGERRu15RELATIONMANAGER15RELATIONMANAGER 40F49C
ALLFILES:ADDRESETFIELD@F11BROWSECLASSRu 40F4A0
ALLFILES:ADDSORTORDER@F11BROWSECLASS9STEPCLASSBk 40F4A4
ALLFILES:ADDSORTORDER@F11VIEWMANAGERBk 40F4A8
ALLFILES:ADDTOOLBARTARGET@F11BROWSECLASS12TOOLBARCLASS 40F4AC
ALLFILES:ADDUPDATEFILE@F13WINDOWMANAGER11FILEMANAGER 40F4B0
ALLFILES:ALLFILES:INIT@F10ERRORCLASS8INICLASS 40F4B4
ALLFILES:ALLFILES:KILL@F 40F4B8
ALLFILES:APPENDORDER@F11VIEWMANAGERsb 40F4BC
ALLFILES:APPLYFILTER@F11VIEWMANAGER 40F4C0
ALLFILES:APPLYORDER@F11VIEWMANAGER 40F4C4
ALLFILES:APPLYRANGE@F11BROWSECLASS 40F4C8
ALLFILES:APPLYRANGE@F11VIEWMANAGER 40F4CC
ALLFILES:ASK@F11BROWSECLASSUc 40F4D0
ALLFILES:ASK@F13REPORTMANAGER 40F4D4
ALLFILES:ASK@F13WINDOWMANAGER 40F4D8
ALLFILES:ASKPREVIEW@F13REPORTMANAGER 40F4DC
ALLFILES:ASKRECORD@F11BROWSECLASSUc 40F4E0
ALLFILES:CANCELPRINTREPORT@F13REPORTMANAGER 40F4E4
ALLFILES:CHANGEACTION@F13WINDOWMANAGER 40F4E8
ALLFILES:CHILDPROCESSINGEND@F12PROCESSCLASSUs 40F4EC
ALLFILES:CHILDPROCESSINGSTART@F12PROCESSCLASSUs 40F4F0
ALLFILES:CLEARFILESRECORD@F11VIEWMANAGER 40F4F4
ALLFILES:CLOSE@F11VIEWMANAGER 40F4F8
ALLFILES:CLOSE@F11VIEWMANAGERUc 40F4FC
ALLFILES:CONSTRUCT@F10ERRORCLASS 40F500
ALLFILES:CONSTRUCT@F10FUZZYCLASS 40F504
ALLFILES:CONSTRUCT@F16ERRORSTATUSCLASS 40F508
ALLFILES:CONSTRUCT@F8INICLASS 40F50C
ALLFILES:CREATECONTROL@F14EDITENTRYCLASS 40F510
ALLFILES:CUSTOMER$CUS:KEYCOMPANY 40F514
ALLFILES:CUSTOMER$CUS:KEYCUSTNUMBER 40F518
ALLFILES:CUSTOMER$CUS:KEYZIPCODE 40F51C
ALLFILES:CUSTOMER$CUS:RECORD 40F520
ALLFILES:CUSTOMER$TYPE$CUS:RECORD 40F524
ALLFILES:DELETEACTION@F13WINDOWMANAGER 40F528
ALLFILES:DESTRUCT@F11VIEWMANAGER 40F52C
ALLFILES:DESTRUCT@F16ERRORSTATUSCLASS 40F530
ALLFILES:DETAIL$DTL:KEYORDERNUMBER 40F534
ALLFILES:DETAIL$DTL:RECORD 40F538
ALLFILES:ENDREPORT@F13REPORTMANAGER 40F53C
ALLFILES:FETCH@F11BROWSECLASSUc 40F540
ALLFILES:FETCH@F8INICLASSsbBw 40F544
ALLFILES:GETFEQ@F9EDITCLASS 40F548
ALLFILES:GETFREEELEMENTASCENDING@F11VIEWMANAGER 40F54C
ALLFILES:GETFREEELEMENTNAME@F11VIEWMANAGER 40F550
ALLFILES:GETFREEELEMENTPOSITION@F11VIEWMANAGER 40F554
ALLFILES:GETPARENTCONTROL@F17WINDOWRESIZECLASSl 40F558
ALLFILES:GETUSEMRP@F11BROWSECLASS 40F55C
ALLFILES:GETUSEMRP@F13REPORTMANAGER 40F560
ALLFILES:INIT@F10ERRORCLASS16ERRORSTATUSCLASS 40F564
ALLFILES:INIT@F10FUZZYCLASS 40F568
ALLFILES:INIT@F11BROWSECLASSlRsbBiBq15RELATIONMANAGER13WINDOWMANAGER 40F56C
ALLFILES:INIT@F12LOCATORCLASSlRuUc11BROWSECLASS 40F570
ALLFILES:INIT@F12PROCESSCLASSBi15RELATIONMANAGERlPUc9STEPCLASSRu 40F574
ALLFILES:INIT@F13REPORTMANAGER12PROCESSCLASSBr17PRINTPREVIEWCLASS 40F578
ALLFILES:INIT@F13WINDOWMANAGER 40F57C
ALLFILES:INIT@F17WINDOWRESIZECLASSUcUcUc 40F580
ALLFILES:INIT@F8INICLASSsbll 40F584
ALLFILES:INIT@F9EDITCLASSllRu 40F588
ALLFILES:INIT@F9STEPCLASSUc 40F58C
ALLFILES:INITSORT@F11BROWSECLASSUc 40F590
ALLFILES:INSERTACTION@F13WINDOWMANAGER 40F594
ALLFILES:KILL@F10FUZZYCLASS 40F598
ALLFILES:KILL@F11BROWSECLASS 40F59C
ALLFILES:KILL@F12PROCESSCLASS 40F5A0
ALLFILES:KILL@F13REPORTMANAGER 40F5A4
ALLFILES:KILL@F13WINDOWMANAGER 40F5A8
ALLFILES:KILL@F8INICLASS 40F5AC
ALLFILES:KILL@F9EDITCLASS 40F5B0
ALLFILES:KILL_@_WINDOWCOMPONENT_@_BROWSECLASS@F15WINDOWCOMPONENT 40F5B4
ALLFILES:NEXT@F11BROWSECLASS 40F5B8
ALLFILES:NEXT@F11VIEWMANAGER 40F5BC
ALLFILES:NEXT@F12PROCESSCLASSUc 40F5C0
ALLFILES:NEXT@F13REPORTMANAGER 40F5C4
ALLFILES:NOTIFYUPDATEERROR@F11BROWSECLASS 40F5C8
ALLFILES:OPEN@F11VIEWMANAGER 40F5CC
ALLFILES:OPEN@F13REPORTMANAGER 40F5D0
ALLFILES:OPEN@F13WINDOWMANAGER 40F5D4
ALLFILES:OPEN@F13WINDOWMANAGERBwBw 40F5D8
ALLFILES:OPENREPORT@F13REPORTMANAGER 40F5DC
ALLFILES:ORDERS$ORD:KEYORDERNUMBER 40F5E0
ALLFILES:ORDERS$ORD:RECORD 40F5E4
ALLFILES:ORDERS$TYPE$ORD:RECORD 40F5E8
ALLFILES:PHONES$PHO:KEYCUSTNUMBER 40F5EC
ALLFILES:PHONES$PHO:RECORD 40F5F0
ALLFILES:PREVIOUS@F11BROWSECLASS 40F5F4
ALLFILES:PREVIOUS@F11VIEWMANAGER 40F5F8
ALLFILES:PRIMEFIELDS@F13WINDOWMANAGER 40F5FC
ALLFILES:PRIMERECORD@F11VIEWMANAGERUc 40F600
ALLFILES:PRIMEUPDATE@F13WINDOWMANAGER 40F604
ALLFILES:PRINTREPORT@F13REPORTMANAGER 40F608
ALLFILES:PROCESSRESULTFILES@F13REPORTMANAGER15OUTPUTFILEQUEUE 40F60C
ALLFILES:PRODUCTS$PRD:KEYPRODDESC 40F610
ALLFILES:PRODUCTS$PRD:KEYPRODNUMBER 40F614
ALLFILES:PRODUCTS$PRD:RECORD 40F618
ALLFILES:PRODUCTS$TYPE$PRD:RECORD 40F61C
ALLFILES:REMOVEERRORS@F10ERRORCLASS10ERRORBLOCK 40F620
ALLFILES:RESET@F11VIEWMANAGER 40F624
ALLFILES:RESET@F11VIEWMANAGERUc 40F628
ALLFILES:RESET@F12PROCESSCLASS 40F62C
ALLFILES:RESET@F13WINDOWMANAGERUc 40F630
ALLFILES:RESET@F17WINDOWRESIZECLASS 40F634
ALLFILES:RESETCONTROL@F9EDITCLASS 40F638
ALLFILES:RESETFROMASK@F11BROWSECLASSRUcRUc 40F63C
ALLFILES:RESETFROMBUFFER@F11BROWSECLASS 40F640
ALLFILES:RESETFROMFILE@F11BROWSECLASS 40F644
ALLFILES:RESETFROMVIEW@F11BROWSECLASS 40F648
ALLFILES:RESETQUEUE@F11BROWSECLASSUc 40F64C
ALLFILES:RESETREQUIRED_@_WINDOWCOMPONENT_@_BROWSECLASS@F15WINDOWCOMPONENT 40F650
ALLFILES:RESETSORT@F11BROWSECLASSUc 40F654
ALLFILES:RESET_@_WINDOWCOMPONENT_@_BROWSECLASS@F15WINDOWCOMPONENTUc 40F658
ALLFILES:RESIZE@F17WINDOWRESIZECLASS 40F65C
ALLFILES:RESIZE@F17WINDOWRESIZECLASSl 40F660
ALLFILES:RESTOREBUFFERS@F11VIEWMANAGER 40F664
ALLFILES:RESTOREFIELD@F13WINDOWMANAGERl 40F668
ALLFILES:RESTOREWINDOW@F17WINDOWRESIZECLASS 40F66C
ALLFILES:RUN@F13WINDOWMANAGER 40F670
ALLFILES:RUN@F13WINDOWMANAGERUsUc 40F674
ALLFILES:SAVEBUFFERS@F11VIEWMANAGER 40F678
ALLFILES:SAVEONCHANGEACTION@F13WINDOWMANAGER 40F67C
ALLFILES:SAVEONINSERTACTION@F13WINDOWMANAGER 40F680
ALLFILES:SCROLLEND@F11BROWSECLASSl 40F684
ALLFILES:SCROLLONE@F11BROWSECLASSl 40F688
ALLFILES:SCROLLPAGE@F11BROWSECLASSl 40F68C
ALLFILES:SETALERTS@F11BROWSECLASS 40F690
ALLFILES:SETALERTS@F13WINDOWMANAGER 40F694
ALLFILES:SETALERTS@F9EDITCLASS 40F698
ALLFILES:SETALERTS_@_WINDOWCOMPONENT_@_BROWSECLASS@F15WINDOWCOMPONENT 40F69C
ALLFILES:SETDYNAMICCONTROLSATTRIBUTES@F13REPORTMANAGER 40F6A0
ALLFILES:SETERRORS@F11FILEMANAGER10ERRORCLASS 40F6A4
ALLFILES:SETFILTER@F11VIEWMANAGERsb 40F6A8
ALLFILES:SETFILTER@F11VIEWMANAGERsbsb 40F6AC
ALLFILES:SETINIMANAGER@F17PRINTPREVIEWCLASS8INICLASS 40F6B0
ALLFILES:SETOPENRELATED@F15RELATIONMANAGER 40F6B4
ALLFILES:SETOPTION@F10FUZZYCLASSUcUc 40F6B8
ALLFILES:SETORDER@F11VIEWMANAGERsb 40F6BC
ALLFILES:SETPARENTDEFAULT@F17WINDOWRESIZECLASS 40F6C0
ALLFILES:SETPARENTDEFAULTS@F17WINDOWRESIZECLASS 40F6C4
ALLFILES:SETPOSITION@F17WINDOWRESIZECLASSl13POSITIONGROUP13POSITIONGROUP13POSITIONGROUP13POSITIONGROUP 40F6C8
ALLFILES:SETPROCEDURENAME@F10ERRORCLASSOsb 40F6CC
ALLFILES:SETQUEUERECORD@F11BROWSECLASS 40F6D0
ALLFILES:SETREADONLY@F9EDITCLASSUc 40F6D4
ALLFILES:SETRESPONSE@F13WINDOWMANAGERUc 40F6D8
ALLFILES:SETSORT@F11BROWSECLASSUcUc 40F6DC
ALLFILES:SETSORT@F11VIEWMANAGERUc 40F6E0
ALLFILES:SETSTATICCONTROLSATTRIBUTES@F13REPORTMANAGER 40F6E4
ALLFILES:SETSTRATEGY@F17WINDOWRESIZECLASSlUsUs 40F6E8
ALLFILES:SETUSEMRP@F11BROWSECLASSUc 40F6EC
ALLFILES:SETUSEMRP@F13REPORTMANAGERUc 40F6F0
ALLFILES:SETUSEPOPUP@F11BROWSECLASSUc 40F6F4
ALLFILES:TAKEACCEPTED@F12PROCESSCLASS 40F6F8
ALLFILES:TAKEACCEPTED@F13REPORTMANAGER 40F6FC
ALLFILES:TAKEACCEPTED@F13WINDOWMANAGER 40F700
ALLFILES:TAKEACCEPTED@F9EDITCLASSUc 40F704
ALLFILES:TAKEACCEPTEDLOCATOR@F11BROWSECLASS 40F708
ALLFILES:TAKECLOSEEVENT@F13REPORTMANAGER 40F70C
ALLFILES:TAKECLOSEEVENT@F13WINDOWMANAGER 40F710
ALLFILES:TAKECOMPLETED@F13WINDOWMANAGER 40F714
ALLFILES:TAKEDISABLEBUTTON@F13WINDOWMANAGERlUc 40F718
ALLFILES:TAKEEVENT@F11BROWSECLASS 40F71C
ALLFILES:TAKEEVENT@F13WINDOWMANAGER 40F720
ALLFILES:TAKEEVENT@F9EDITCLASSl 40F724
ALLFILES:TAKEEVENT_@_WINDOWCOMPONENT_@_BROWSECLASS@F15WINDOWCOMPONENT 40F728
ALLFILES:TAKEFIELDEVENT@F13WINDOWMANAGER 40F72C
ALLFILES:TAKEKEY@F11BROWSECLASS 40F730
ALLFILES:TAKELOCATE@F11BROWSECLASS 40F734
ALLFILES:TAKELOCATE@F12PROCESSCLASS 40F738
ALLFILES:TAKENEWSELECTION@F11BROWSECLASS 40F73C
ALLFILES:TAKENEWSELECTION@F13WINDOWMANAGER 40F740
ALLFILES:TAKENORECORDS@F13REPORTMANAGER 40F744
ALLFILES:TAKENOTIFY@F13WINDOWMANAGERlll 40F748
ALLFILES:TAKERECORD@F12PROCESSCLASS 40F74C
ALLFILES:TAKERECORD@F13REPORTMANAGER 40F750
ALLFILES:TAKEREJECTED@F13WINDOWMANAGER 40F754
ALLFILES:TAKESCROLL@F11BROWSECLASSl 40F758
ALLFILES:TAKESELECTED@F13WINDOWMANAGER 40F75C
ALLFILES:TAKEVCRSCROLL@F11BROWSECLASSl 40F760
ALLFILES:TAKEWINDOWEVENT@F13REPORTMANAGER 40F764
ALLFILES:TAKEWINDOWEVENT@F13WINDOWMANAGER 40F768
ALLFILES:THROW@F10ERRORCLASSs 40F76C
ALLFILES:TYPE$BROWSEEIPMANAGER 40F770
ALLFILES:TYPE$ENTRYLOCATORCLASS 40F774
ALLFILES:TYPE$PRINTPREVIEWCLASS 40F778
ALLFILES:TYPE$STEPLOCATORCLASS 40F77C
ALLFILES:TYPE$STEPLONGCLASS 40F780
ALLFILES:TYPE$TOOLBARCLASS 40F784
ALLFILES:TYPE$TOOLBARUPDATECLASS 40F788
ALLFILES:UPDATE@F13WINDOWMANAGER 40F78C
ALLFILES:UPDATE@F8INICLASSsbBw 40F790
ALLFILES:UPDATEBUFFER@F11BROWSECLASS 40F794
ALLFILES:UPDATEDISPLAY@F12PROCESSCLASS 40F798
ALLFILES:UPDATERESETS@F11BROWSECLASS 40F79C
ALLFILES:UPDATETHUMB@F11BROWSECLASS 40F7A0
ALLFILES:UPDATETHUMBFIXED@F11BROWSECLASS 40F7A4
ALLFILES:UPDATEVIEWRECORD@F11BROWSECLASS 40F7A8
ALLFILES:UPDATEWINDOW@F11BROWSECLASS 40F7AC
ALLFILES:UPDATEWINDOW_@_WINDOWCOMPONENT_@_BROWSECLASS@F15WINDOWCOMPONENT 40F7B0
ALLFILES:UPDATE_@_WINDOWCOMPONENT_@_BROWSECLASS@F15WINDOWCOMPONENT 40F7B4
ALLFILES:VALIDATERECORD@F11VIEWMANAGER 40F7B8
ALLFILES:VMT$BROWSECLASS 40F7BC
ALLFILES:VMT$BROWSEEIPMANAGER 40F7C0
ALLFILES:VMT$ENTRYLOCATORCLASS 40F7C4
ALLFILES:VMT$ERRORCLASS 40F7C8
ALLFILES:VMT$ERRORSTATUSCLASS 40F7CC
ALLFILES:VMT$FUZZYCLASS 40F7D0
ALLFILES:VMT$INICLASS 40F7D4
ALLFILES:VMT$PRINTPREVIEWCLASS 40F7D8
ALLFILES:VMT$STEPLOCATORCLASS 40F7DC
ALLFILES:VMT$STEPLONGCLASS 40F7E0
ALLFILES:VMT$TOOLBARCLASS 40F7E4
ALLFILES:VMT$TOOLBARUPDATECLASS 40F7E8
C70RUN.dll:Cla$ACCEPTED 40F8E4,401000
C70RUN.dll:Cla$AssertFailed 40F8E8
C70RUN.dll:Cla$BindV 40F8EC
C70RUN.dll:Cla$CHOICE 40F8F0,401008
C70RUN.dll:Cla$CLEAR 40F8F4
C70RUN.dll:Cla$CREATE 40F8F8
C70RUN.dll:Cla$DecDistinct 40F8FC
C70RUN.dll:Cla$DecMul 40F900
C70RUN.dll:Cla$DELETEqueue 40F904,401010
C70RUN.dll:Cla$DISPLAY 40F908,401018
C70RUN.dll:Cla$DPopDec 40F90C
C70RUN.dll:Cla$DPushDec 40F910
C70RUN.dll:Cla$DPushLong 40F914
C70RUN.dll:Cla$ERRORCODE 40F918,401020
C70RUN.dll:Cla$EVENT 40F91C,401028
C70RUN.dll:Cla$FIELD 40F920,401030
C70RUN.dll:Cla$FILE_CLOSE 40F924
C70RUN.dll:Cla$FILE_GET_PROPERTY 40F928
C70RUN.dll:Cla$FILE_SET_PROPERTY 40F92C
C70RUN.dll:Cla$FREEqueue 40F930
C70RUN.dll:Cla$FreeUfo 40F934
C70RUN.dll:Cla$freewindow 40F938
C70RUN.dll:Cla$GetPropS 40F93C
C70RUN.dll:Cla$GETqueuekey 40F940,401038
C70RUN.dll:Cla$init 40F944
C70RUN.dll:Cla$KEYCODE 40F948,401040
C70RUN.dll:Cla$loaddec 40F94C
C70RUN.dll:Cla$Mem2Ufo 40F950
C70RUN.dll:Cla$pmopen 40F954,401048
C70RUN.dll:Cla$POST 40F958,401050
C70RUN.dll:Cla$PRINTreport 40F95C
C70RUN.dll:Cla$propen 40F960,401058
C70RUN.dll:Cla$PushLong 40F964
C70RUN.dll:Cla$PushString 40F968
C70RUN.dll:Cla$pwopen 40F96C,401060
C70RUN.dll:Cla$rterr 40F970,401068
C70RUN.dll:Cla$SELECT 40F974,401070
C70RUN.dll:Cla$SETCURSOR 40F978,401078
C70RUN.dll:Cla$SetPropF 40F97C
C70RUN.dll:Cla$SetPropS 40F980
C70RUN.dll:Cla$SetPropV 40F984
C70RUN.dll:Cla$Stack2DStack 40F988
C70RUN.dll:Cla$StackCompareN 40F98C
C70RUN.dll:Cla$STACKpop 40F990
C70RUN.dll:Cla$StashBP 40F994
C70RUN.dll:Cla$storecstr 40F998
C70RUN.dll:Cla$storedec 40F99C
C70RUN.dll:Cla$storepstr 40F9A0
C70RUN.dll:Cla$storestr 40F9A4
C70RUN.dll:Cla$UPDATE 40F9A8,401080
C70RUN.dll:THR$GetInstance 40F9AC,401088
C70RUN.dll:VIEWDRIVER 40F9B0
C70RUN.dll:_free 40F9B4
C70RUN.dll:_malloc 40F9B8
C70RUN.dll:__a_chkstk 40F9BC,401090
C70RUN.dll:__e_stack 40F9C0,401098
C70RUN.dll:__sysinit 40F9C4,4010A0
C70RUN.dll:__systerm 40F9C8,4010A8
C70RUN.dll:__systhrinit 40F9CC,4010B0
C70RUN.dll:__systhrterm 40F9D0,4010B8
REPORTS:CUSTREPORT@F 40F9E0



Entry Point:   4010E0